Archive member included to satisfy reference by file (symbol)

/usr/local/Cellar/gcc-arm-none-eabi/20180627/bin/../lib/gcc/arm-none-eabi/7.3.1/../../../../arm-none-eabi/lib/thumb/v7-m/libc_nano.a(lib_a-exit.o)
                              /usr/local/Cellar/gcc-arm-none-eabi/20180627/bin/../lib/gcc/arm-none-eabi/7.3.1/../../../../arm-none-eabi/lib/thumb/v7-m/crt0.o (exit)
/usr/local/Cellar/gcc-arm-none-eabi/20180627/bin/../lib/gcc/arm-none-eabi/7.3.1/../../../../arm-none-eabi/lib/thumb/v7-m/libc_nano.a(lib_a-impure.o)
                              /usr/local/Cellar/gcc-arm-none-eabi/20180627/bin/../lib/gcc/arm-none-eabi/7.3.1/../../../../arm-none-eabi/lib/thumb/v7-m/libc_nano.a(lib_a-exit.o) (_global_impure_ptr)
/usr/local/Cellar/gcc-arm-none-eabi/20180627/bin/../lib/gcc/arm-none-eabi/7.3.1/../../../../arm-none-eabi/lib/thumb/v7-m/libc_nano.a(lib_a-init.o)
                              /usr/local/Cellar/gcc-arm-none-eabi/20180627/bin/../lib/gcc/arm-none-eabi/7.3.1/../../../../arm-none-eabi/lib/thumb/v7-m/crt0.o (__libc_init_array)
/usr/local/Cellar/gcc-arm-none-eabi/20180627/bin/../lib/gcc/arm-none-eabi/7.3.1/../../../../arm-none-eabi/lib/thumb/v7-m/libc_nano.a(lib_a-memset.o)
                              /usr/local/Cellar/gcc-arm-none-eabi/20180627/bin/../lib/gcc/arm-none-eabi/7.3.1/../../../../arm-none-eabi/lib/thumb/v7-m/crt0.o (memset)
/usr/local/Cellar/gcc-arm-none-eabi/20180627/bin/../lib/gcc/arm-none-eabi/7.3.1/../../../../arm-none-eabi/lib/thumb/v7-m/libc_nano.a(lib_a-nano-vfprintf_float.o)
                              (_printf_float)
/usr/local/Cellar/gcc-arm-none-eabi/20180627/bin/../lib/gcc/arm-none-eabi/7.3.1/../../../../arm-none-eabi/lib/thumb/v7-m/libc_nano.a(lib_a-nano-vfprintf_i.o)
                              /usr/local/Cellar/gcc-arm-none-eabi/20180627/bin/../lib/gcc/arm-none-eabi/7.3.1/../../../../arm-none-eabi/lib/thumb/v7-m/libc_nano.a(lib_a-nano-vfprintf_float.o) (_printf_common)
/usr/local/Cellar/gcc-arm-none-eabi/20180627/bin/../lib/gcc/arm-none-eabi/7.3.1/../../../../arm-none-eabi/lib/thumb/v7-m/libc_nano.a(lib_a-nano-vfscanf_float.o)
                              (_scanf_float)
/usr/local/Cellar/gcc-arm-none-eabi/20180627/bin/../lib/gcc/arm-none-eabi/7.3.1/../../../../arm-none-eabi/lib/thumb/v7-m/libc_nano.a(lib_a-printf.o)
                              obj.version1/main.o (printf)
/usr/local/Cellar/gcc-arm-none-eabi/20180627/bin/../lib/gcc/arm-none-eabi/7.3.1/../../../../arm-none-eabi/lib/thumb/v7-m/libc_nano.a(lib_a-puts.o)
                              obj.version1/Private_Mode.o (puts)
/usr/local/Cellar/gcc-arm-none-eabi/20180627/bin/../lib/gcc/arm-none-eabi/7.3.1/../../../../arm-none-eabi/lib/thumb/v7-m/libc_nano.a(lib_a-sf_nan.o)
                              /usr/local/Cellar/gcc-arm-none-eabi/20180627/bin/../lib/gcc/arm-none-eabi/7.3.1/../../../../arm-none-eabi/lib/thumb/v7-m/libc_nano.a(lib_a-nano-vfscanf_float.o) (nanf)
/usr/local/Cellar/gcc-arm-none-eabi/20180627/bin/../lib/gcc/arm-none-eabi/7.3.1/../../../../arm-none-eabi/lib/thumb/v7-m/libc_nano.a(lib_a-sprintf.o)
                              obj.version1/ESP8266.o (sprintf)
/usr/local/Cellar/gcc-arm-none-eabi/20180627/bin/../lib/gcc/arm-none-eabi/7.3.1/../../../../arm-none-eabi/lib/thumb/v7-m/libc_nano.a(lib_a-strlen.o)
                              obj.version1/ESP8266.o (strlen)
/usr/local/Cellar/gcc-arm-none-eabi/20180627/bin/../lib/gcc/arm-none-eabi/7.3.1/../../../../arm-none-eabi/lib/thumb/v7-m/libc_nano.a(lib_a-strstr.o)
                              obj.version1/ESP8266.o (strstr)
/usr/local/Cellar/gcc-arm-none-eabi/20180627/bin/../lib/gcc/arm-none-eabi/7.3.1/../../../../arm-none-eabi/lib/thumb/v7-m/libc_nano.a(lib_a-strtod.o)
                              /usr/local/Cellar/gcc-arm-none-eabi/20180627/bin/../lib/gcc/arm-none-eabi/7.3.1/../../../../arm-none-eabi/lib/thumb/v7-m/libc_nano.a(lib_a-nano-vfscanf_float.o) (_strtod_r)
/usr/local/Cellar/gcc-arm-none-eabi/20180627/bin/../lib/gcc/arm-none-eabi/7.3.1/../../../../arm-none-eabi/lib/thumb/v7-m/libc_nano.a(lib_a-strtol.o)
                              /usr/local/Cellar/gcc-arm-none-eabi/20180627/bin/../lib/gcc/arm-none-eabi/7.3.1/../../../../arm-none-eabi/lib/thumb/v7-m/libc_nano.a(lib_a-nano-vfscanf_float.o) (_strtol_r)
/usr/local/Cellar/gcc-arm-none-eabi/20180627/bin/../lib/gcc/arm-none-eabi/7.3.1/../../../../arm-none-eabi/lib/thumb/v7-m/libc_nano.a(lib_a-wbuf.o)
                              /usr/local/Cellar/gcc-arm-none-eabi/20180627/bin/../lib/gcc/arm-none-eabi/7.3.1/../../../../arm-none-eabi/lib/thumb/v7-m/libc_nano.a(lib_a-puts.o) (__swbuf_r)
/usr/local/Cellar/gcc-arm-none-eabi/20180627/bin/../lib/gcc/arm-none-eabi/7.3.1/../../../../arm-none-eabi/lib/thumb/v7-m/libc_nano.a(lib_a-wsetup.o)
                              /usr/local/Cellar/gcc-arm-none-eabi/20180627/bin/../lib/gcc/arm-none-eabi/7.3.1/../../../../arm-none-eabi/lib/thumb/v7-m/libc_nano.a(lib_a-puts.o) (__swsetup_r)
[...]
Memory Configuration

Name             Origin             Length             Attributes
RAM              0x0000000020000000 0x0000000000005000 xrw
FLASH            0x0000000008000000 0x0000000000020000 xr
*default*        0x0000000000000000 0xffffffffffffffff

Linker script and memory map

LOAD /usr/local/Cellar/gcc-arm-none-eabi/20180627/bin/../lib/gcc/arm-none-eabi/7.3.1/thumb/v7-m/crti.o
LOAD /usr/local/Cellar/gcc-arm-none-eabi/20180627/bin/../lib/gcc/arm-none-eabi/7.3.1/thumb/v7-m/crtbegin.o
LOAD /usr/local/Cellar/gcc-arm-none-eabi/20180627/bin/../lib/gcc/arm-none-eabi/7.3.1/../../../../arm-none-eabi/lib/thumb/v7-m/crt0.o
LOAD obj.version1/startup_stm32f10x_md.o
LOAD obj.version1/core_cm3.o
LOAD obj.version1/system_stm32f10x.o
LOAD obj.version1/misc.o
LOAD obj.version1/stm32f10x_adc.o
LOAD obj.version1/stm32f10x_bkp.o
LOAD obj.version1/stm32f10x_can.o
LOAD obj.version1/stm32f10x_crc.o
LOAD obj.version1/stm32f10x_dac.o
LOAD obj.version1/stm32f10x_dbgmcu.o
LOAD obj.version1/stm32f10x_dma.o
LOAD obj.version1/stm32f10x_exti.o
LOAD obj.version1/stm32f10x_flash.o
LOAD obj.version1/stm32f10x_fsmc.o
LOAD obj.version1/stm32f10x_gpio.o
LOAD obj.version1/stm32f10x_i2c.o
LOAD obj.version1/stm32f10x_iwdg.o
LOAD obj.version1/stm32f10x_pwr.o
LOAD obj.version1/stm32f10x_rcc.o
LOAD obj.version1/stm32f10x_rtc.o
LOAD obj.version1/stm32f10x_sdio.o
LOAD obj.version1/stm32f10x_spi.o
LOAD obj.version1/stm32f10x_tim.o
LOAD obj.version1/stm32f10x_usart.o
LOAD obj.version1/stm32f10x_wwdg.o
LOAD obj.version1/main.o
LOAD obj.version1/debug.o
LOAD obj.version1/Hw_Config.o
LOAD obj.version1/Hw_Led.o
LOAD obj.version1/lib_dbg.o
LOAD obj.version1/Private_Mode.o
LOAD obj.version1/stm32f10x_it.o
LOAD obj.version1/syscalls.o
LOAD obj.version1/menu.o
LOAD obj.version1/at_menu.o
LOAD obj.version1/ESP8266.o
LOAD obj.version1/HTTP.o
LOAD /usr/local/Cellar/gcc-arm-none-eabi/20180627/bin/../lib/gcc/arm-none-eabi/7.3.1/../../../../arm-none-eabi/lib/thumb/v7-m/libc_nano.a
LOAD /usr/local/Cellar/gcc-arm-none-eabi/20180627/bin/../lib/gcc/arm-none-eabi/7.3.1/../../../../arm-none-eabi/lib/thumb/v7-m/libm.a
LOAD /usr/local/Cellar/gcc-arm-none-eabi/20180627/bin/../lib/gcc/arm-none-eabi/7.3.1/../../../../arm-none-eabi/lib/thumb/v7-m/libnosys.a
START GROUP
LOAD /usr/local/Cellar/gcc-arm-none-eabi/20180627/bin/../lib/gcc/arm-none-eabi/7.3.1/thumb/v7-m/libgcc.a
LOAD /usr/local/Cellar/gcc-arm-none-eabi/20180627/bin/../lib/gcc/arm-none-eabi/7.3.1/../../../../arm-none-eabi/lib/thumb/v7-m/libg_nano.a
LOAD /usr/local/Cellar/gcc-arm-none-eabi/20180627/bin/../lib/gcc/arm-none-eabi/7.3.1/../../../../arm-none-eabi/lib/thumb/v7-m/libc_nano.a
END GROUP
START GROUP
LOAD /usr/local/Cellar/gcc-arm-none-eabi/20180627/bin/../lib/gcc/arm-none-eabi/7.3.1/thumb/v7-m/libgcc.a
LOAD /usr/local/Cellar/gcc-arm-none-eabi/20180627/bin/../lib/gcc/arm-none-eabi/7.3.1/../../../../arm-none-eabi/lib/thumb/v7-m/libc_nano.a
END GROUP
LOAD /usr/local/Cellar/gcc-arm-none-eabi/20180627/bin/../lib/gcc/arm-none-eabi/7.3.1/thumb/v7-m/crtend.o
LOAD /usr/local/Cellar/gcc-arm-none-eabi/20180627/bin/../lib/gcc/arm-none-eabi/7.3.1/thumb/v7-m/crtn.o
                0x0000000020005000                _estack = 0x20005000
                0x0000000000000200                _Min_Heap_Size = 0x200
                0x0000000000000400                _Min_Stack_Size = 0x400

.isr_vector     0x0000000008000000      0x10c
                0x0000000008000000                . = ALIGN (0x4)
 *(.isr_vector)
 .isr_vector    0x0000000008000000      0x10c obj.version1/startup_stm32f10x_md.o
                0x0000000008000000                g_pfnVectors
                0x000000000800010c                . = ALIGN (0x4)

.text           0x0000000008000110     0x67d0
                0x0000000008000110                . = ALIGN (0x4)
 *(.text)
 .text          0x0000000008000110       0x40 /usr/local/Cellar/gcc-arm-none-eabi/20180627/bin/../lib/gcc/arm-none-eabi/7.3.1/thumb/v7-m/crtbegin.o
 .text          0x0000000008000150       0x10 /usr/local/Cellar/gcc-arm-none-eabi/20180627/bin/../lib/gcc/arm-none-eabi/7.3.1/../../../../arm-none-eabi/lib/thumb/v7-m/libc_nano.a(lib_a-strlen.o)
                0x0000000008000150                strlen
 .text          0x0000000008000160      0x378 /usr/local/Cellar/gcc-arm-none-eabi/20180627/bin/../lib/gcc/arm-none-eabi/7.3.1/thumb/v7-m/libgcc.a(_arm_addsubdf3.o)
                0x0000000008000160                __aeabi_drsub
                0x0000000008000168                __subdf3
                0x0000000008000168                __aeabi_dsub
                0x000000000800016c                __aeabi_dadd
                0x000000000800016c                __adddf3
                0x00000000080003e4                __aeabi_ui2d
                0x00000000080003e4                __floatunsidf
                0x0000000008000404                __floatsidf
                0x0000000008000404                __aeabi_i2d
                0x0000000008000428                __extendsfdf2
                0x0000000008000428                __aeabi_f2d
                0x000000000800046c                __aeabi_ul2d
                0x000000000800046c                __floatundidf
                0x000000000800047c                __aeabi_l2d
                0x000000000800047c                __floatdidf
 .text          0x00000000080004d8      0x424 /usr/local/Cellar/gcc-arm-none-eabi/20180627/bin/../lib/gcc/arm-none-eabi/7.3.1/thumb/v7-m/libgcc.a(_arm_muldivdf3.o)
                0x00000000080004d8                __aeabi_dmul
                0x00000000080004d8                __muldf3
                0x000000000800072c                __aeabi_ddiv
                0x000000000800072c                __divdf3
 .text          0x00000000080008fc      0x110 /usr/local/Cellar/gcc-arm-none-eabi/20180627/bin/../lib/gcc/arm-none-eabi/7.3.1/thumb/v7-m/libgcc.a(_arm_cmpdf2.o)
                0x00000000080008fc                __gedf2
                0x00000000080008fc                __gtdf2
                0x0000000008000904                __ledf2
                0x0000000008000904                __ltdf2
                0x000000000800090c                __cmpdf2
                0x000000000800090c                __eqdf2
                0x000000000800090c                __nedf2
                0x0000000008000988                __aeabi_cdrcmple
                0x0000000008000998                __aeabi_cdcmple
                0x0000000008000998                __aeabi_cdcmpeq
                0x00000000080009a8                __aeabi_dcmpeq
                0x00000000080009bc                __aeabi_dcmplt
                0x00000000080009d0                __aeabi_dcmple
                0x00000000080009e4                __aeabi_dcmpge
                0x00000000080009f8                __aeabi_dcmpgt
 .text          0x0000000008000a0c       0x2c /usr/local/Cellar/gcc-arm-none-eabi/20180627/bin/../lib/gcc/arm-none-eabi/7.3.1/thumb/v7-m/libgcc.a(_arm_unorddf2.o)
                0x0000000008000a0c                __aeabi_dcmpun
                0x0000000008000a0c                __unorddf2
 .text          0x0000000008000a38       0x50 /usr/local/Cellar/gcc-arm-none-eabi/20180627/bin/../lib/gcc/arm-none-eabi/7.3.1/thumb/v7-m/libgcc.a(_arm_fixdfsi.o)
                0x0000000008000a38                __fixdfsi
                0x0000000008000a38                __aeabi_d2iz
 .text          0x0000000008000a88       0x40 /usr/local/Cellar/gcc-arm-none-eabi/20180627/bin/../lib/gcc/arm-none-eabi/7.3.1/thumb/v7-m/libgcc.a(_arm_fixunsdfsi.o)
                0x0000000008000a88                __fixunsdfsi
                0x0000000008000a88                __aeabi_d2uiz
 .text          0x0000000008000ac8       0xa0 /usr/local/Cellar/gcc-arm-none-eabi/20180627/bin/../lib/gcc/arm-none-eabi/7.3.1/thumb/v7-m/libgcc.a(_arm_truncdfsf2.o)
                0x0000000008000ac8                __aeabi_d2f
                0x0000000008000ac8                __truncdfsf2
 *(.text*)
 .text.Reset_Handler
                0x0000000008000b68       0x40 obj.version1/startup_stm32f10x_md.o
                0x0000000008000b68                Reset_Handler
 .text.Default_Handler
                0x0000000008000ba8        0x2 obj.version1/startup_stm32f10x_md.o
                0x0000000008000ba8                Default_Handler
                0x0000000008000ba8                EXTI1_IRQHandler
 *fill*         0x0000000008000baa        0x2 
 .text.SetSysClockTo72
                0x0000000008000bac       0xcc obj.version1/system_stm32f10x.o
 .text.SetSysClock
                0x0000000008000c78        0x8 obj.version1/system_stm32f10x.o
 .text.SystemInit
                0x0000000008000c80       0x44 obj.version1/system_stm32f10x.o
                0x0000000008000c80                SystemInit
 .text.NVIC_PriorityGroupConfig
                0x0000000008000cc4       0x40 obj.version1/misc.o
                0x0000000008000cc4                NVIC_PriorityGroupConfig
 .text.NVIC_Init
                0x0000000008000d04       0x98 obj.version1/misc.o
                0x0000000008000d04                NVIC_Init
 .text.EXTI_ClearITPendingBit
                0x0000000008000d9c       0x24 obj.version1/stm32f10x_exti.o
                0x0000000008000d9c                EXTI_ClearITPendingBit
 .text.GPIO_Init
                0x0000000008000dc0      0x134 obj.version1/stm32f10x_gpio.o
                0x0000000008000dc0                GPIO_Init
 .text.RCC_GetClocksFreq
                0x0000000008000ef4       0xc4 obj.version1/stm32f10x_rcc.o
                0x0000000008000ef4                RCC_GetClocksFreq
 .text.RCC_APB2PeriphClockCmd
                0x0000000008000fb8       0x4c obj.version1/stm32f10x_rcc.o
                0x0000000008000fb8                RCC_APB2PeriphClockCmd
 .text.RCC_APB1PeriphClockCmd
                0x0000000008001004       0x4c obj.version1/stm32f10x_rcc.o
                0x0000000008001004                RCC_APB1PeriphClockCmd
 .text.USART_Init
                0x0000000008001050      0x17c obj.version1/stm32f10x_usart.o
                0x0000000008001050                USART_Init
 .text.USART_Cmd
                0x00000000080011cc       0x68 obj.version1/stm32f10x_usart.o
                0x00000000080011cc                USART_Cmd
 .text.USART_ITConfig
                0x0000000008001234       0xf4 obj.version1/stm32f10x_usart.o
                0x0000000008001234                USART_ITConfig
 .text.USART_SendData
                0x0000000008001328       0x58 obj.version1/stm32f10x_usart.o
                0x0000000008001328                USART_SendData
 .text.USART_ReceiveData
                0x0000000008001380       0x44 obj.version1/stm32f10x_usart.o
                0x0000000008001380                USART_ReceiveData
 .text.USART_GetFlagStatus
                0x00000000080013c4       0xac obj.version1/stm32f10x_usart.o
                0x00000000080013c4                USART_GetFlagStatus
 .text.USART_GetITStatus
                0x0000000008001470       0xfc obj.version1/stm32f10x_usart.o
                0x0000000008001470                USART_GetITStatus
 .text.USART_ClearITPendingBit
                0x000000000800156c       0xa4 obj.version1/stm32f10x_usart.o
                0x000000000800156c                USART_ClearITPendingBit
 .text.System_Information
                0x0000000008001610       0x48 obj.version1/main.o
                0x0000000008001610                System_Information
 .text.main     0x0000000008001658       0x54 obj.version1/main.o
                0x0000000008001658                main
 .text.assert_failed
                0x00000000080016ac       0x14 obj.version1/debug.o
                0x00000000080016ac                assert_failed
 .text.Delay    0x00000000080016c0       0x1c obj.version1/Hw_Config.o
                0x00000000080016c0                Delay
 .text.TimingDelay_Decrement
                0x00000000080016dc       0x14 obj.version1/Hw_Config.o
                0x00000000080016dc                TimingDelay_Decrement
 .text.USART1_GPIOConfiguration
                0x00000000080016f0       0x48 obj.version1/Hw_Config.o
                0x00000000080016f0                USART1_GPIOConfiguration
 .text.USART1_Init
                0x0000000008001738       0x40 obj.version1/Hw_Config.o
                0x0000000008001738                USART1_Init
 .text.RCC_Configuration
                0x0000000008001778       0x3a obj.version1/Hw_Config.o
                0x0000000008001778                RCC_Configuration
 .text.USART_GetCharacter
                0x00000000080017b2       0x22 obj.version1/Hw_Config.o
                0x00000000080017b2                USART_GetCharacter
 .text.debug    0x00000000080017d4      0x308 obj.version1/lib_dbg.o
                0x00000000080017d4                debug
 .text.NMI_Handler
                0x0000000008001adc        0x2 obj.version1/stm32f10x_it.o
                0x0000000008001adc                NMI_Handler
 .text.HardFault_Handler
                0x0000000008001ade        0x2 obj.version1/stm32f10x_it.o
                0x0000000008001ade                HardFault_Handler
 .text.MemManage_Handler
                0x0000000008001ae0        0x2 obj.version1/stm32f10x_it.o
                0x0000000008001ae0                MemManage_Handler
 .text.BusFault_Handler
                0x0000000008001ae2        0x2 obj.version1/stm32f10x_it.o
                0x0000000008001ae2                BusFault_Handler
 .text.UsageFault_Handler
                0x0000000008001ae4        0x2 obj.version1/stm32f10x_it.o
                0x0000000008001ae4                UsageFault_Handler
 .text.SVC_Handler
                0x0000000008001ae6        0x2 obj.version1/stm32f10x_it.o
                0x0000000008001ae6                SVC_Handler
 .text.DebugMon_Handler
                0x0000000008001ae8        0x2 obj.version1/stm32f10x_it.o
                0x0000000008001ae8                DebugMon_Handler
 .text.PendSV_Handler
                0x0000000008001aea        0x2 obj.version1/stm32f10x_it.o
                0x0000000008001aea                PendSV_Handler
 .text.SysTick_Handler
                0x0000000008001aec        0x8 obj.version1/stm32f10x_it.o
                0x0000000008001aec                SysTick_Handler
 .text.WWDG_IRQHandler
                0x0000000008001af4        0x2 obj.version1/stm32f10x_it.o
                0x0000000008001af4                WWDG_IRQHandler
 .text.PVD_IRQHandler
                0x0000000008001af6        0x2 obj.version1/stm32f10x_it.o
                0x0000000008001af6                PVD_IRQHandler
 .text.TAMPER_IRQHandler
                0x0000000008001af8        0x2 obj.version1/stm32f10x_it.o
                0x0000000008001af8                TAMPER_IRQHandler
 .text.RTC_IRQHandler
                0x0000000008001afa        0x2 obj.version1/stm32f10x_it.o
                0x0000000008001afa                RTC_IRQHandler
 .text.FLASH_IRQHandler
                0x0000000008001afc        0x2 obj.version1/stm32f10x_it.o
                0x0000000008001afc                FLASH_IRQHandler
 .text.RCC_IRQHandler
                0x0000000008001afe        0x2 obj.version1/stm32f10x_it.o
                0x0000000008001afe                RCC_IRQHandler
 .text.EXTI0_IRQHandler
                0x0000000008001b00        0x2 obj.version1/stm32f10x_it.o
                0x0000000008001b00                EXTI0_IRQHandler
 .text.EXTI2_IRQHandler
                0x0000000008001b02        0x2 obj.version1/stm32f10x_it.o
                0x0000000008001b02                EXTI2_IRQHandler
 .text.EXTI3_IRQHandler
                0x0000000008001b04        0x2 obj.version1/stm32f10x_it.o
                0x0000000008001b04                EXTI3_IRQHandler
 .text.EXTI4_IRQHandler
                0x0000000008001b06        0x2 obj.version1/stm32f10x_it.o
                0x0000000008001b06                EXTI4_IRQHandler
 .text.DMA1_Channel1_IRQHandler
                0x0000000008001b08        0x2 obj.version1/stm32f10x_it.o
                0x0000000008001b08                DMA1_Channel1_IRQHandler
 .text.DMA1_Channel2_IRQHandler
                0x0000000008001b0a        0x2 obj.version1/stm32f10x_it.o
                0x0000000008001b0a                DMA1_Channel2_IRQHandler
 .text.DMA1_Channel3_IRQHandler
                0x0000000008001b0c        0x2 obj.version1/stm32f10x_it.o
                0x0000000008001b0c                DMA1_Channel3_IRQHandler
 .text.DMA1_Channel4_IRQHandler
                0x0000000008001b0e        0x2 obj.version1/stm32f10x_it.o
                0x0000000008001b0e                DMA1_Channel4_IRQHandler
 .text.DMA1_Channel5_IRQHandler
                0x0000000008001b10        0x2 obj.version1/stm32f10x_it.o
                0x0000000008001b10                DMA1_Channel5_IRQHandler
 .text.DMA1_Channel6_IRQHandler
                0x0000000008001b12        0x2 obj.version1/stm32f10x_it.o
                0x0000000008001b12                DMA1_Channel6_IRQHandler
 .text.DMA1_Channel7_IRQHandler
                0x0000000008001b14        0x2 obj.version1/stm32f10x_it.o
                0x0000000008001b14                DMA1_Channel7_IRQHandler
 .text.ADC1_2_IRQHandler
                0x0000000008001b16        0x2 obj.version1/stm32f10x_it.o
                0x0000000008001b16                ADC1_2_IRQHandler
 .text.USB_HP_CAN1_TX_IRQHandler
                0x0000000008001b18        0x2 obj.version1/stm32f10x_it.o
                0x0000000008001b18                USB_HP_CAN1_TX_IRQHandler
 .text.USB_LP_CAN1_RX0_IRQHandler
                0x0000000008001b1a        0x2 obj.version1/stm32f10x_it.o
                0x0000000008001b1a                USB_LP_CAN1_RX0_IRQHandler
 .text.CAN1_RX1_IRQHandler
                0x0000000008001b1c        0x2 obj.version1/stm32f10x_it.o
                0x0000000008001b1c                CAN1_RX1_IRQHandler
 .text.CAN1_SCE_IRQHandler
                0x0000000008001b1e        0x2 obj.version1/stm32f10x_it.o
                0x0000000008001b1e                CAN1_SCE_IRQHandler
 .text.EXTI9_5_IRQHandler
                0x0000000008001b20        0x2 obj.version1/stm32f10x_it.o
                0x0000000008001b20                EXTI9_5_IRQHandler
 .text.TIM1_BRK_IRQHandler
                0x0000000008001b22        0x2 obj.version1/stm32f10x_it.o
                0x0000000008001b22                TIM1_BRK_IRQHandler
 .text.TIM1_UP_IRQHandler
                0x0000000008001b24        0x2 obj.version1/stm32f10x_it.o
                0x0000000008001b24                TIM1_UP_IRQHandler
 .text.TIM1_TRG_COM_IRQHandler
                0x0000000008001b26        0x2 obj.version1/stm32f10x_it.o
                0x0000000008001b26                TIM1_TRG_COM_IRQHandler
 .text.TIM1_CC_IRQHandler
                0x0000000008001b28        0x2 obj.version1/stm32f10x_it.o
                0x0000000008001b28                TIM1_CC_IRQHandler
 .text.TIM2_IRQHandler
                0x0000000008001b2a        0x2 obj.version1/stm32f10x_it.o
                0x0000000008001b2a                TIM2_IRQHandler
 .text.TIM3_IRQHandler
                0x0000000008001b2c        0x2 obj.version1/stm32f10x_it.o
                0x0000000008001b2c                TIM3_IRQHandler
 .text.TIM4_IRQHandler
                0x0000000008001b2e        0x2 obj.version1/stm32f10x_it.o
                0x0000000008001b2e                TIM4_IRQHandler
 .text.I2C1_EV_IRQHandler
                0x0000000008001b30        0x2 obj.version1/stm32f10x_it.o
                0x0000000008001b30                I2C1_EV_IRQHandler
 .text.I2C1_ER_IRQHandler
                0x0000000008001b32        0x2 obj.version1/stm32f10x_it.o
                0x0000000008001b32                I2C1_ER_IRQHandler
 .text.I2C2_EV_IRQHandler
                0x0000000008001b34        0x2 obj.version1/stm32f10x_it.o
                0x0000000008001b34                I2C2_EV_IRQHandler
 .text.I2C2_ER_IRQHandler
                0x0000000008001b36        0x2 obj.version1/stm32f10x_it.o
                0x0000000008001b36                I2C2_ER_IRQHandler
 .text.SPI1_IRQHandler
                0x0000000008001b38        0x2 obj.version1/stm32f10x_it.o
                0x0000000008001b38                SPI1_IRQHandler
 .text.SPI2_IRQHandler
                0x0000000008001b3a        0x2 obj.version1/stm32f10x_it.o
                0x0000000008001b3a                SPI2_IRQHandler
 .text.USART1_IRQHandler
                0x0000000008001b3c        0x2 obj.version1/stm32f10x_it.o
                0x0000000008001b3c                USART1_IRQHandler
 .text.USART2_IRQHandler
                0x0000000008001b3e        0x2 obj.version1/stm32f10x_it.o
                0x0000000008001b3e                USART2_IRQHandler
 .text.USART3_IRQHandler
                0x0000000008001b40       0x3c obj.version1/stm32f10x_it.o
                0x0000000008001b40                USART3_IRQHandler
 .text.EXTI15_10_IRQHandler
                0x0000000008001b7c        0x2 obj.version1/stm32f10x_it.o
                0x0000000008001b7c                EXTI15_10_IRQHandler
 .text.RTCAlarm_IRQHandler
                0x0000000008001b7e        0x2 obj.version1/stm32f10x_it.o
                0x0000000008001b7e                RTCAlarm_IRQHandler
 .text.USBWakeUp_IRQHandler
                0x0000000008001b80        0xc obj.version1/stm32f10x_it.o
                0x0000000008001b80                USBWakeUp_IRQHandler
 .text._write   0x0000000008001b8c       0x2c obj.version1/syscalls.o
                0x0000000008001b8c                _write
 .text._close   0x0000000008001bb8        0x6 obj.version1/syscalls.o
                0x0000000008001bb8                _close
 *fill*         0x0000000008001bbe        0x2 
 .text.main_menu
                0x0000000008001bc0       0x68 obj.version1/menu.o
                0x0000000008001bc0                main_menu
 .text.menu     0x0000000008001c28      0x228 obj.version1/menu.o
                0x0000000008001c28                menu
 .text.at_main_menu
                0x0000000008001e50       0x68 obj.version1/at_menu.o
                0x0000000008001e50                at_main_menu
 .text.at_menu  0x0000000008001eb8      0x29c obj.version1/at_menu.o
                0x0000000008001eb8                at_menu
 .text.ESP_Configuration
                0x0000000008002154       0x94 obj.version1/ESP8266.o
                0x0000000008002154                ESP_Configuration
 .text.esp_interrupt_configuration
                0x00000000080021e8       0x2e obj.version1/ESP8266.o
                0x00000000080021e8                esp_interrupt_configuration
 .text.ESP_Init
                0x0000000008002216        0xc obj.version1/ESP8266.o
                0x0000000008002216                ESP_Init
 *fill*         0x0000000008002222        0x2 
 .text.ESP_SendCommand
                0x0000000008002224       0x34 obj.version1/ESP8266.o
                0x0000000008002224                ESP_SendCommand
 .text.esp8266RxBufferAvailable
                0x0000000008002258       0x10 obj.version1/ESP8266.o
                0x0000000008002258                esp8266RxBufferAvailable
 .text.esp8266SearchBuffer
                0x0000000008002268       0x2c obj.version1/ESP8266.o
                0x0000000008002268                esp8266SearchBuffer
 .text.esp8266ReadForResponse
                0x0000000008002294       0x24 obj.version1/ESP8266.o
                0x0000000008002294                esp8266ReadForResponse
 .text.AT_Test  0x00000000080022b8       0x28 obj.version1/ESP8266.o
                0x00000000080022b8                AT_Test
 .text.ESP_ModeSet
                0x00000000080022e0       0x40 obj.version1/ESP8266.o
                0x00000000080022e0                ESP_ModeSet
 .text.ESP_StationList
                0x0000000008002320       0x28 obj.version1/ESP8266.o
                0x0000000008002320                ESP_StationList
 .text.ESP_Increase_point_value
                0x0000000008002348       0x14 obj.version1/ESP8266.o
                0x0000000008002348                ESP_Increase_point_value
 .text.ESP_EnQueue
                0x000000000800235c       0x1c obj.version1/ESP8266.o
                0x000000000800235c                ESP_EnQueue
 .text.ESP_ResponseDataClean
                0x0000000008002378       0x28 obj.version1/ESP8266.o
                0x0000000008002378                ESP_ResponseDataClean
 .text.ESP_ResponseData
                0x00000000080023a0        0x8 obj.version1/ESP8266.o
                0x00000000080023a0                ESP_ResponseData
 .text.memset   0x00000000080023a8       0x10 /usr/local/Cellar/gcc-arm-none-eabi/20180627/bin/../lib/gcc/arm-none-eabi/7.3.1/../../../../arm-none-eabi/lib/thumb/v7-m/libc_nano.a(lib_a-memset.o)
                0x00000000080023a8                memset
 .text.__cvt    0x00000000080023b8       0xb8 /usr/local/Cellar/gcc-arm-none-eabi/20180627/bin/../lib/gcc/arm-none-eabi/7.3.1/../../../../arm-none-eabi/lib/thumb/v7-m/libc_nano.a(lib_a-nano-vfprintf_float.o)
                0x00000000080023b8                __cvt
 .text.__exponent
                0x0000000008002470       0x6a /usr/local/Cellar/gcc-arm-none-eabi/20180627/bin/../lib/gcc/arm-none-eabi/7.3.1/../../../../arm-none-eabi/lib/thumb/v7-m/libc_nano.a(lib_a-nano-vfprintf_float.o)
                0x0000000008002470                __exponent
 *fill*         0x00000000080024da        0x2 
 .text._printf_float
                0x00000000080024dc      0x46c /usr/local/Cellar/gcc-arm-none-eabi/20180627/bin/../lib/gcc/arm-none-eabi/7.3.1/../../../../arm-none-eabi/lib/thumb/v7-m/libc_nano.a(lib_a-nano-vfprintf_float.o)
                0x00000000080024dc                _printf_float
 .text._printf_common
                0x0000000008002948       0xec /usr/local/Cellar/gcc-arm-none-eabi/20180627/bin/../lib/gcc/arm-none-eabi/7.3.1/../../../../arm-none-eabi/lib/thumb/v7-m/libc_nano.a(lib_a-nano-vfprintf_i.o)
                0x0000000008002948                _printf_common
 .text._printf_i
                0x0000000008002a34      0x224 /usr/local/Cellar/gcc-arm-none-eabi/20180627/bin/../lib/gcc/arm-none-eabi/7.3.1/../../../../arm-none-eabi/lib/thumb/v7-m/libc_nano.a(lib_a-nano-vfprintf_i.o)
                0x0000000008002a34                _printf_i
 .text._scanf_float
                0x0000000008002c58      0x3c0 /usr/local/Cellar/gcc-arm-none-eabi/20180627/bin/../lib/gcc/arm-none-eabi/7.3.1/../../../../arm-none-eabi/lib/thumb/v7-m/libc_nano.a(lib_a-nano-vfscanf_float.o)
                0x0000000008002c58                _scanf_float
 .text.printf   0x0000000008003018       0x30 /usr/local/Cellar/gcc-arm-none-eabi/20180627/bin/../lib/gcc/arm-none-eabi/7.3.1/../../../../arm-none-eabi/lib/thumb/v7-m/libc_nano.a(lib_a-printf.o)
                0x0000000008003018                printf
                0x0000000008003018                iprintf
 .text._puts_r  0x0000000008003048       0xb8 /usr/local/Cellar/gcc-arm-none-eabi/20180627/bin/../lib/gcc/arm-none-eabi/7.3.1/../../../../arm-none-eabi/lib/thumb/v7-m/libc_nano.a(lib_a-puts.o)
                0x0000000008003048                _puts_r
 .text.puts     0x0000000008003100       0x10 /usr/local/Cellar/gcc-arm-none-eabi/20180627/bin/../lib/gcc/arm-none-eabi/7.3.1/../../../../arm-none-eabi/lib/thumb/v7-m/libc_nano.a(lib_a-puts.o)
                0x0000000008003100                puts
 .text.nanf     0x0000000008003110        0x8 /usr/local/Cellar/gcc-arm-none-eabi/20180627/bin/../lib/gcc/arm-none-eabi/7.3.1/../../../../arm-none-eabi/lib/thumb/v7-m/libc_nano.a(lib_a-sf_nan.o)
                0x0000000008003110                nanf
 .text.sprintf  0x0000000008003118       0x40 /usr/local/Cellar/gcc-arm-none-eabi/20180627/bin/../lib/gcc/arm-none-eabi/7.3.1/../../../../arm-none-eabi/lib/thumb/v7-m/libc_nano.a(lib_a-sprintf.o)
                0x0000000008003118                sprintf
                0x0000000008003118                siprintf
 .text.strstr   0x0000000008003158       0x34 /usr/local/Cellar/gcc-arm-none-eabi/20180627/bin/../lib/gcc/arm-none-eabi/7.3.1/../../../../arm-none-eabi/lib/thumb/v7-m/libc_nano.a(lib_a-strstr.o)
                0x0000000008003158                strstr
 .text.unlikely.sulp
                0x000000000800318c       0x42 /usr/local/Cellar/gcc-arm-none-eabi/20180627/bin/../lib/gcc/arm-none-eabi/7.3.1/../../../../arm-none-eabi/lib/thumb/v7-m/libc_nano.a(lib_a-strtod.o)
 *fill*         0x00000000080031ce        0x2 
 .text._strtod_l
                0x00000000080031d0      0xc00 /usr/local/Cellar/gcc-arm-none-eabi/20180627/bin/../lib/gcc/arm-none-eabi/7.3.1/../../../../arm-none-eabi/lib/thumb/v7-m/libc_nano.a(lib_a-strtod.o)
                0x00000000080031d0                _strtod_l
 .text._strtod_r
                0x0000000008003dd0       0x20 /usr/local/Cellar/gcc-arm-none-eabi/20180627/bin/../lib/gcc/arm-none-eabi/7.3.1/../../../../arm-none-eabi/lib/thumb/v7-m/libc_nano.a(lib_a-strtod.o)
                0x0000000008003dd0                _strtod_r
 .text._strtol_l.isra.0
                0x0000000008003df0       0xf6 /usr/local/Cellar/gcc-arm-none-eabi/20180627/bin/../lib/gcc/arm-none-eabi/7.3.1/../../../../arm-none-eabi/lib/thumb/v7-m/libc_nano.a(lib_a-strtol.o)
 *fill*         0x0000000008003ee6        0x2 
 .text._strtol_r
                0x0000000008003ee8       0x24 /usr/local/Cellar/gcc-arm-none-eabi/20180627/bin/../lib/gcc/arm-none-eabi/7.3.1/../../../../arm-none-eabi/lib/thumb/v7-m/libc_nano.a(lib_a-strtol.o)
                0x0000000008003ee8                _strtol_r
 .text.__swbuf_r
                0x0000000008003f0c       0xa4 /usr/local/Cellar/gcc-arm-none-eabi/20180627/bin/../lib/gcc/arm-none-eabi/7.3.1/../../../../arm-none-eabi/lib/thumb/v7-m/libc_nano.a(lib_a-wbuf.o)
                0x0000000008003f0c                __swbuf_r
 .text.__swsetup_r
                0x0000000008003fb0       0xdc /usr/local/Cellar/gcc-arm-none-eabi/20180627/bin/../lib/gcc/arm-none-eabi/7.3.1/../../../../arm-none-eabi/lib/thumb/v7-m/libc_nano.a(lib_a-wsetup.o)
                0x0000000008003fb0                __swsetup_r
 .text.quorem   0x000000000800408c      0x11c /usr/local/Cellar/gcc-arm-none-eabi/20180627/bin/../lib/gcc/arm-none-eabi/7.3.1/../../../../arm-none-eabi/lib/thumb/v7-m/libc_nano.a(lib_a-dtoa.o)
 .text._dtoa_r  0x00000000080041a8      0xb68 /usr/local/Cellar/gcc-arm-none-eabi/20180627/bin/../lib/gcc/arm-none-eabi/7.3.1/../../../../arm-none-eabi/lib/thumb/v7-m/libc_nano.a(lib_a-dtoa.o)
                0x00000000080041a8                _dtoa_r
 .text.__sflush_r
                0x0000000008004d10      0x10c /usr/local/Cellar/gcc-arm-none-eabi/20180627/bin/../lib/gcc/arm-none-eabi/7.3.1/../../../../arm-none-eabi/lib/thumb/v7-m/libc_nano.a(lib_a-fflush.o)
                0x0000000008004d10                __sflush_r
 .text._fflush_r
                0x0000000008004e1c       0x54 /usr/local/Cellar/gcc-arm-none-eabi/20180627/bin/../lib/gcc/arm-none-eabi/7.3.1/../../../../arm-none-eabi/lib/thumb/v7-m/libc_nano.a(lib_a-fflush.o)
                0x0000000008004e1c                _fflush_r
 .text.std      0x0000000008004e70       0x48 /usr/local/Cellar/gcc-arm-none-eabi/20180627/bin/../lib/gcc/arm-none-eabi/7.3.1/../../../../arm-none-eabi/lib/thumb/v7-m/libc_nano.a(lib_a-findfp.o)
 .text._cleanup_r
                0x0000000008004eb8        0xc /usr/local/Cellar/gcc-arm-none-eabi/20180627/bin/../lib/gcc/arm-none-eabi/7.3.1/../../../../arm-none-eabi/lib/thumb/v7-m/libc_nano.a(lib_a-findfp.o)
                0x0000000008004eb8                _cleanup_r
 .text.__sfmoreglue
                0x0000000008004ec4       0x2c /usr/local/Cellar/gcc-arm-none-eabi/20180627/bin/../lib/gcc/arm-none-eabi/7.3.1/../../../../arm-none-eabi/lib/thumb/v7-m/libc_nano.a(lib_a-findfp.o)
                0x0000000008004ec4                __sfmoreglue
 .text.__sinit  0x0000000008004ef0       0x60 /usr/local/Cellar/gcc-arm-none-eabi/20180627/bin/../lib/gcc/arm-none-eabi/7.3.1/../../../../arm-none-eabi/lib/thumb/v7-m/libc_nano.a(lib_a-findfp.o)
                0x0000000008004ef0                __sinit
 .text.__sfp    0x0000000008004f50       0x78 /usr/local/Cellar/gcc-arm-none-eabi/20180627/bin/../lib/gcc/arm-none-eabi/7.3.1/../../../../arm-none-eabi/lib/thumb/v7-m/libc_nano.a(lib_a-findfp.o)
                0x0000000008004f50                __sfp
 .text._fwalk_reent
                0x0000000008004fc8       0x3c /usr/local/Cellar/gcc-arm-none-eabi/20180627/bin/../lib/gcc/arm-none-eabi/7.3.1/../../../../arm-none-eabi/lib/thumb/v7-m/libc_nano.a(lib_a-fwalk.o)
                0x0000000008004fc8                _fwalk_reent
 .text.rshift   0x0000000008005004       0x76 /usr/local/Cellar/gcc-arm-none-eabi/20180627/bin/../lib/gcc/arm-none-eabi/7.3.1/../../../../arm-none-eabi/lib/thumb/v7-m/libc_nano.a(lib_a-gdtoa-gethex.o)
 .text.__hexdig_fun
                0x000000000800507a       0x2a /usr/local/Cellar/gcc-arm-none-eabi/20180627/bin/../lib/gcc/arm-none-eabi/7.3.1/../../../../arm-none-eabi/lib/thumb/v7-m/libc_nano.a(lib_a-gdtoa-gethex.o)
                0x000000000800507a                __hexdig_fun
 .text.__gethex
                0x00000000080050a4      0x444 /usr/local/Cellar/gcc-arm-none-eabi/20180627/bin/../lib/gcc/arm-none-eabi/7.3.1/../../../../arm-none-eabi/lib/thumb/v7-m/libc_nano.a(lib_a-gdtoa-gethex.o)
                0x00000000080050a4                __gethex
 .text.L_shift  0x00000000080054e8       0x24 /usr/local/Cellar/gcc-arm-none-eabi/20180627/bin/../lib/gcc/arm-none-eabi/7.3.1/../../../../arm-none-eabi/lib/thumb/v7-m/libc_nano.a(lib_a-gdtoa-hexnan.o)
 .text.__match  0x000000000800550c       0x28 /usr/local/Cellar/gcc-arm-none-eabi/20180627/bin/../lib/gcc/arm-none-eabi/7.3.1/../../../../arm-none-eabi/lib/thumb/v7-m/libc_nano.a(lib_a-gdtoa-hexnan.o)
                0x000000000800550c                __match
 .text.__hexnan
                0x0000000008005534      0x120 /usr/local/Cellar/gcc-arm-none-eabi/20180627/bin/../lib/gcc/arm-none-eabi/7.3.1/../../../../arm-none-eabi/lib/thumb/v7-m/libc_nano.a(lib_a-gdtoa-hexnan.o)
                0x0000000008005534                __hexnan
 .text.__locale_ctype_ptr_l
                0x0000000008005654        0x6 /usr/local/Cellar/gcc-arm-none-eabi/20180627/bin/../lib/gcc/arm-none-eabi/7.3.1/../../../../arm-none-eabi/lib/thumb/v7-m/libc_nano.a(lib_a-locale.o)
                0x0000000008005654                __locale_ctype_ptr_l
 .text.__localeconv_l
                0x000000000800565a        0x4 /usr/local/Cellar/gcc-arm-none-eabi/20180627/bin/../lib/gcc/arm-none-eabi/7.3.1/../../../../arm-none-eabi/lib/thumb/v7-m/libc_nano.a(lib_a-localeconv.o)
                0x000000000800565a                __localeconv_l
 *fill*         0x000000000800565e        0x2 
 .text._localeconv_r
                0x0000000008005660       0x1c /usr/local/Cellar/gcc-arm-none-eabi/20180627/bin/../lib/gcc/arm-none-eabi/7.3.1/../../../../arm-none-eabi/lib/thumb/v7-m/libc_nano.a(lib_a-localeconv.o)
                0x0000000008005660                _localeconv_r
 .text.__swhatbuf_r
                0x000000000800567c       0x48 /usr/local/Cellar/gcc-arm-none-eabi/20180627/bin/../lib/gcc/arm-none-eabi/7.3.1/../../../../arm-none-eabi/lib/thumb/v7-m/libc_nano.a(lib_a-makebuf.o)
                0x000000000800567c                __swhatbuf_r
 .text.__smakebuf_r
                0x00000000080056c4       0x80 /usr/local/Cellar/gcc-arm-none-eabi/20180627/bin/../lib/gcc/arm-none-eabi/7.3.1/../../../../arm-none-eabi/lib/thumb/v7-m/libc_nano.a(lib_a-makebuf.o)
                0x00000000080056c4                __smakebuf_r
 .text.malloc   0x0000000008005744       0x10 /usr/local/Cellar/gcc-arm-none-eabi/20180627/bin/../lib/gcc/arm-none-eabi/7.3.1/../../../../arm-none-eabi/lib/thumb/v7-m/libc_nano.a(lib_a-malloc.o)
                0x0000000008005744                malloc
 .text.__ascii_mbtowc
                0x0000000008005754       0x24 /usr/local/Cellar/gcc-arm-none-eabi/20180627/bin/../lib/gcc/arm-none-eabi/7.3.1/../../../../arm-none-eabi/lib/thumb/v7-m/libc_nano.a(lib_a-mbtowc_r.o)
                0x0000000008005754                __ascii_mbtowc
 .text.memchr   0x0000000008005778       0x1c /usr/local/Cellar/gcc-arm-none-eabi/20180627/bin/../lib/gcc/arm-none-eabi/7.3.1/../../../../arm-none-eabi/lib/thumb/v7-m/libc_nano.a(lib_a-memchr-stub.o)
                0x0000000008005778                memchr
 .text.memcpy   0x0000000008005794       0x16 /usr/local/Cellar/gcc-arm-none-eabi/20180627/bin/../lib/gcc/arm-none-eabi/7.3.1/../../../../arm-none-eabi/lib/thumb/v7-m/libc_nano.a(lib_a-memcpy-stub.o)
                0x0000000008005794                memcpy
 .text._Balloc  0x00000000080057aa       0x68 /usr/local/Cellar/gcc-arm-none-eabi/20180627/bin/../lib/gcc/arm-none-eabi/7.3.1/../../../../arm-none-eabi/lib/thumb/v7-m/libc_nano.a(lib_a-mprec.o)
                0x00000000080057aa                _Balloc
 .text._Bfree   0x0000000008005812       0x2e /usr/local/Cellar/gcc-arm-none-eabi/20180627/bin/../lib/gcc/arm-none-eabi/7.3.1/../../../../arm-none-eabi/lib/thumb/v7-m/libc_nano.a(lib_a-mprec.o)
                0x0000000008005812                _Bfree
 .text.__multadd
                0x0000000008005840       0x76 /usr/local/Cellar/gcc-arm-none-eabi/20180627/bin/../lib/gcc/arm-none-eabi/7.3.1/../../../../arm-none-eabi/lib/thumb/v7-m/libc_nano.a(lib_a-mprec.o)
                0x0000000008005840                __multadd
 .text.__s2b    0x00000000080058b6       0x7c /usr/local/Cellar/gcc-arm-none-eabi/20180627/bin/../lib/gcc/arm-none-eabi/7.3.1/../../../../arm-none-eabi/lib/thumb/v7-m/libc_nano.a(lib_a-mprec.o)
                0x00000000080058b6                __s2b
 .text.__hi0bits
                0x0000000008005932       0x3e /usr/local/Cellar/gcc-arm-none-eabi/20180627/bin/../lib/gcc/arm-none-eabi/7.3.1/../../../../arm-none-eabi/lib/thumb/v7-m/libc_nano.a(lib_a-mprec.o)
                0x0000000008005932                __hi0bits
 .text.__lo0bits
                0x0000000008005970       0x5e /usr/local/Cellar/gcc-arm-none-eabi/20180627/bin/../lib/gcc/arm-none-eabi/7.3.1/../../../../arm-none-eabi/lib/thumb/v7-m/libc_nano.a(lib_a-mprec.o)
                0x0000000008005970                __lo0bits
 .text.__i2b    0x00000000080059ce       0x12 /usr/local/Cellar/gcc-arm-none-eabi/20180627/bin/../lib/gcc/arm-none-eabi/7.3.1/../../../../arm-none-eabi/lib/thumb/v7-m/libc_nano.a(lib_a-mprec.o)
                0x00000000080059ce                __i2b
 .text.__multiply
                0x00000000080059e0      0x12a /usr/local/Cellar/gcc-arm-none-eabi/20180627/bin/../lib/gcc/arm-none-eabi/7.3.1/../../../../arm-none-eabi/lib/thumb/v7-m/libc_nano.a(lib_a-mprec.o)
                0x00000000080059e0                __multiply
 *fill*         0x0000000008005b0a        0x2 
 .text.__pow5mult
                0x0000000008005b0c       0x9c /usr/local/Cellar/gcc-arm-none-eabi/20180627/bin/../lib/gcc/arm-none-eabi/7.3.1/../../../../arm-none-eabi/lib/thumb/v7-m/libc_nano.a(lib_a-mprec.o)
                0x0000000008005b0c                __pow5mult
 .text.__lshift
                0x0000000008005ba8       0xa8 /usr/local/Cellar/gcc-arm-none-eabi/20180627/bin/../lib/gcc/arm-none-eabi/7.3.1/../../../../arm-none-eabi/lib/thumb/v7-m/libc_nano.a(lib_a-mprec.o)
                0x0000000008005ba8                __lshift
 .text.__mcmp   0x0000000008005c50       0x34 /usr/local/Cellar/gcc-arm-none-eabi/20180627/bin/../lib/gcc/arm-none-eabi/7.3.1/../../../../arm-none-eabi/lib/thumb/v7-m/libc_nano.a(lib_a-mprec.o)
                0x0000000008005c50                __mcmp
 .text.__mdiff  0x0000000008005c84       0xbc /usr/local/Cellar/gcc-arm-none-eabi/20180627/bin/../lib/gcc/arm-none-eabi/7.3.1/../../../../arm-none-eabi/lib/thumb/v7-m/libc_nano.a(lib_a-mprec.o)
                0x0000000008005c84                __mdiff
 .text.__ulp    0x0000000008005d40       0x48 /usr/local/Cellar/gcc-arm-none-eabi/20180627/bin/../lib/gcc/arm-none-eabi/7.3.1/../../../../arm-none-eabi/lib/thumb/v7-m/libc_nano.a(lib_a-mprec.o)
                0x0000000008005d40                __ulp
 .text.__b2d    0x0000000008005d88       0xa4 /usr/local/Cellar/gcc-arm-none-eabi/20180627/bin/../lib/gcc/arm-none-eabi/7.3.1/../../../../arm-none-eabi/lib/thumb/v7-m/libc_nano.a(lib_a-mprec.o)
                0x0000000008005d88                __b2d
 .text.__d2b    0x0000000008005e2c       0x9e /usr/local/Cellar/gcc-arm-none-eabi/20180627/bin/../lib/gcc/arm-none-eabi/7.3.1/../../../../arm-none-eabi/lib/thumb/v7-m/libc_nano.a(lib_a-mprec.o)
                0x0000000008005e2c                __d2b
 .text.__ratio  0x0000000008005eca       0x5c /usr/local/Cellar/gcc-arm-none-eabi/20180627/bin/../lib/gcc/arm-none-eabi/7.3.1/../../../../arm-none-eabi/lib/thumb/v7-m/libc_nano.a(lib_a-mprec.o)
                0x0000000008005eca                __ratio
 .text.__copybits
                0x0000000008005f26       0x34 /usr/local/Cellar/gcc-arm-none-eabi/20180627/bin/../lib/gcc/arm-none-eabi/7.3.1/../../../../arm-none-eabi/lib/thumb/v7-m/libc_nano.a(lib_a-mprec.o)
                0x0000000008005f26                __copybits
 .text.__any_on
                0x0000000008005f5a       0x42 /usr/local/Cellar/gcc-arm-none-eabi/20180627/bin/../lib/gcc/arm-none-eabi/7.3.1/../../../../arm-none-eabi/lib/thumb/v7-m/libc_nano.a(lib_a-mprec.o)
                0x0000000008005f5a                __any_on
 .text._calloc_r
                0x0000000008005f9c       0x1c /usr/local/Cellar/gcc-arm-none-eabi/20180627/bin/../lib/gcc/arm-none-eabi/7.3.1/../../../../arm-none-eabi/lib/thumb/v7-m/libc_nano.a(lib_a-nano-callocr.o)
                0x0000000008005f9c                _calloc_r
 .text._free_r  0x0000000008005fb8       0x98 /usr/local/Cellar/gcc-arm-none-eabi/20180627/bin/../lib/gcc/arm-none-eabi/7.3.1/../../../../arm-none-eabi/lib/thumb/v7-m/libc_nano.a(lib_a-nano-freer.o)
                0x0000000008005fb8                _free_r
 .text._malloc_r
                0x0000000008006050       0xb4 /usr/local/Cellar/gcc-arm-none-eabi/20180627/bin/../lib/gcc/arm-none-eabi/7.3.1/../../../../arm-none-eabi/lib/thumb/v7-m/libc_nano.a(lib_a-nano-mallocr.o)
                0x0000000008006050                _malloc_r
 .text.__ssputs_r
                0x0000000008006104       0xb4 /usr/local/Cellar/gcc-arm-none-eabi/20180627/bin/../lib/gcc/arm-none-eabi/7.3.1/../../../../arm-none-eabi/lib/thumb/v7-m/libc_nano.a(lib_a-nano-svfprintf.o)
                0x0000000008006104                __ssputs_r
 .text._svfprintf_r
                0x00000000080061b8      0x1f0 /usr/local/Cellar/gcc-arm-none-eabi/20180627/bin/../lib/gcc/arm-none-eabi/7.3.1/../../../../arm-none-eabi/lib/thumb/v7-m/libc_nano.a(lib_a-nano-svfprintf.o)
                0x00000000080061b8                _svfprintf_r
                0x00000000080061b8                _svfiprintf_r
 .text.__sfputc_r
                0x00000000080063a8       0x2a /usr/local/Cellar/gcc-arm-none-eabi/20180627/bin/../lib/gcc/arm-none-eabi/7.3.1/../../../../arm-none-eabi/lib/thumb/v7-m/libc_nano.a(lib_a-nano-vfprintf.o)
 .text.__sfputs_r
                0x00000000080063d2       0x24 /usr/local/Cellar/gcc-arm-none-eabi/20180627/bin/../lib/gcc/arm-none-eabi/7.3.1/../../../../arm-none-eabi/lib/thumb/v7-m/libc_nano.a(lib_a-nano-vfprintf.o)
                0x00000000080063d2                __sfputs_r
 *fill*         0x00000000080063f6        0x2 
 .text._vfprintf_r
                0x00000000080063f8      0x22c /usr/local/Cellar/gcc-arm-none-eabi/20180627/bin/../lib/gcc/arm-none-eabi/7.3.1/../../../../arm-none-eabi/lib/thumb/v7-m/libc_nano.a(lib_a-nano-vfprintf.o)
                0x00000000080063f8                _vfiprintf_r
                0x00000000080063f8                _vfprintf_r
 .text._sbrk_r  0x0000000008006624       0x20 /usr/local/Cellar/gcc-arm-none-eabi/20180627/bin/../lib/gcc/arm-none-eabi/7.3.1/../../../../arm-none-eabi/lib/thumb/v7-m/libc_nano.a(lib_a-sbrkr.o)
                0x0000000008006624                _sbrk_r
 .text.__sread  0x0000000008006644       0x22 /usr/local/Cellar/gcc-arm-none-eabi/20180627/bin/../lib/gcc/arm-none-eabi/7.3.1/../../../../arm-none-eabi/lib/thumb/v7-m/libc_nano.a(lib_a-stdio.o)
                0x0000000008006644                __sread
 .text.__swrite
                0x0000000008006666       0x38 /usr/local/Cellar/gcc-arm-none-eabi/20180627/bin/../lib/gcc/arm-none-eabi/7.3.1/../../../../arm-none-eabi/lib/thumb/v7-m/libc_nano.a(lib_a-stdio.o)
                0x0000000008006666                __swrite
 .text.__sseek  0x000000000800669e       0x24 /usr/local/Cellar/gcc-arm-none-eabi/20180627/bin/../lib/gcc/arm-none-eabi/7.3.1/../../../../arm-none-eabi/lib/thumb/v7-m/libc_nano.a(lib_a-stdio.o)
                0x000000000800669e                __sseek
 .text.__sclose
                0x00000000080066c2        0x8 /usr/local/Cellar/gcc-arm-none-eabi/20180627/bin/../lib/gcc/arm-none-eabi/7.3.1/../../../../arm-none-eabi/lib/thumb/v7-m/libc_nano.a(lib_a-stdio.o)
                0x00000000080066c2                __sclose
 .text.strncmp  0x00000000080066ca       0x24 /usr/local/Cellar/gcc-arm-none-eabi/20180627/bin/../lib/gcc/arm-none-eabi/7.3.1/../../../../arm-none-eabi/lib/thumb/v7-m/libc_nano.a(lib_a-strncmp.o)
                0x00000000080066ca                strncmp
 .text.__ascii_wctomb
                0x00000000080066ee       0x1a /usr/local/Cellar/gcc-arm-none-eabi/20180627/bin/../lib/gcc/arm-none-eabi/7.3.1/../../../../arm-none-eabi/lib/thumb/v7-m/libc_nano.a(lib_a-wctomb_r.o)
                0x00000000080066ee                __ascii_wctomb
 .text._write_r
                0x0000000008006708       0x24 /usr/local/Cellar/gcc-arm-none-eabi/20180627/bin/../lib/gcc/arm-none-eabi/7.3.1/../../../../arm-none-eabi/lib/thumb/v7-m/libc_nano.a(lib_a-writer.o)
                0x0000000008006708                _write_r
 .text._close_r
                0x000000000800672c       0x20 /usr/local/Cellar/gcc-arm-none-eabi/20180627/bin/../lib/gcc/arm-none-eabi/7.3.1/../../../../arm-none-eabi/lib/thumb/v7-m/libc_nano.a(lib_a-closer.o)
                0x000000000800672c                _close_r
 .text._fstat_r
                0x000000000800674c       0x24 /usr/local/Cellar/gcc-arm-none-eabi/20180627/bin/../lib/gcc/arm-none-eabi/7.3.1/../../../../arm-none-eabi/lib/thumb/v7-m/libc_nano.a(lib_a-fstatr.o)
                0x000000000800674c                _fstat_r
 .text._isatty_r
                0x0000000008006770       0x20 /usr/local/Cellar/gcc-arm-none-eabi/20180627/bin/../lib/gcc/arm-none-eabi/7.3.1/../../../../arm-none-eabi/lib/thumb/v7-m/libc_nano.a(lib_a-isattyr.o)
                0x0000000008006770                _isatty_r
 .text._lseek_r
                0x0000000008006790       0x24 /usr/local/Cellar/gcc-arm-none-eabi/20180627/bin/../lib/gcc/arm-none-eabi/7.3.1/../../../../arm-none-eabi/lib/thumb/v7-m/libc_nano.a(lib_a-lseekr.o)
                0x0000000008006790                _lseek_r
 .text.memmove  0x00000000080067b4       0x32 /usr/local/Cellar/gcc-arm-none-eabi/20180627/bin/../lib/gcc/arm-none-eabi/7.3.1/../../../../arm-none-eabi/lib/thumb/v7-m/libc_nano.a(lib_a-memmove.o)
                0x00000000080067b4                memmove
 .text.__malloc_lock
                0x00000000080067e6        0x2 /usr/local/Cellar/gcc-arm-none-eabi/20180627/bin/../lib/gcc/arm-none-eabi/7.3.1/../../../../arm-none-eabi/lib/thumb/v7-m/libc_nano.a(lib_a-mlock.o)
                0x00000000080067e6                __malloc_lock
 .text.__malloc_unlock
                0x00000000080067e8        0x2 /usr/local/Cellar/gcc-arm-none-eabi/20180627/bin/../lib/gcc/arm-none-eabi/7.3.1/../../../../arm-none-eabi/lib/thumb/v7-m/libc_nano.a(lib_a-mlock.o)
                0x00000000080067e8                __malloc_unlock
 .text._realloc_r
                0x00000000080067ea       0x4c /usr/local/Cellar/gcc-arm-none-eabi/20180627/bin/../lib/gcc/arm-none-eabi/7.3.1/../../../../arm-none-eabi/lib/thumb/v7-m/libc_nano.a(lib_a-nano-reallocr.o)
                0x00000000080067ea                _realloc_r
 *fill*         0x0000000008006836        0x2 
 .text._read_r  0x0000000008006838       0x24 /usr/local/Cellar/gcc-arm-none-eabi/20180627/bin/../lib/gcc/arm-none-eabi/7.3.1/../../../../arm-none-eabi/lib/thumb/v7-m/libc_nano.a(lib_a-readr.o)
                0x0000000008006838                _read_r
 .text._malloc_usable_size_r
                0x000000000800685c       0x10 /usr/local/Cellar/gcc-arm-none-eabi/20180627/bin/../lib/gcc/arm-none-eabi/7.3.1/../../../../arm-none-eabi/lib/thumb/v7-m/libc_nano.a(lib_a-nano-msizer.o)
                0x000000000800685c                _malloc_usable_size_r
 .text._fstat   0x000000000800686c       0x10 /usr/local/Cellar/gcc-arm-none-eabi/20180627/bin/../lib/gcc/arm-none-eabi/7.3.1/../../../../arm-none-eabi/lib/thumb/v7-m/libnosys.a(fstat.o)
                0x000000000800686c                _fstat
 .text._isatty  0x000000000800687c       0x10 /usr/local/Cellar/gcc-arm-none-eabi/20180627/bin/../lib/gcc/arm-none-eabi/7.3.1/../../../../arm-none-eabi/lib/thumb/v7-m/libnosys.a(isatty.o)
                0x000000000800687c                _isatty
 .text._lseek   0x000000000800688c       0x10 /usr/local/Cellar/gcc-arm-none-eabi/20180627/bin/../lib/gcc/arm-none-eabi/7.3.1/../../../../arm-none-eabi/lib/thumb/v7-m/libnosys.a(lseek.o)
                0x000000000800688c                _lseek
 .text._read    0x000000000800689c       0x10 /usr/local/Cellar/gcc-arm-none-eabi/20180627/bin/../lib/gcc/arm-none-eabi/7.3.1/../../../../arm-none-eabi/lib/thumb/v7-m/libnosys.a(read.o)
                0x000000000800689c                _read
 .text._sbrk    0x00000000080068ac       0x1c /usr/local/Cellar/gcc-arm-none-eabi/20180627/bin/../lib/gcc/arm-none-eabi/7.3.1/../../../../arm-none-eabi/lib/thumb/v7-m/libnosys.a(sbrk.o)
                0x00000000080068ac                _sbrk
 *(.glue_7)
 .glue_7        0x00000000080068c8        0x0 linker stubs
 *(.glue_7t)
 .glue_7t       0x00000000080068c8        0x0 linker stubs
 *(.eh_frame)
 .eh_frame      0x00000000080068c8        0x0 /usr/local/Cellar/gcc-arm-none-eabi/20180627/bin/../lib/gcc/arm-none-eabi/7.3.1/thumb/v7-m/crtbegin.o
 *(.init)
 .init          0x00000000080068c8        0x4 /usr/local/Cellar/gcc-arm-none-eabi/20180627/bin/../lib/gcc/arm-none-eabi/7.3.1/thumb/v7-m/crti.o
                0x00000000080068c8                _init
 .init          0x00000000080068cc        0x8 /usr/local/Cellar/gcc-arm-none-eabi/20180627/bin/../lib/gcc/arm-none-eabi/7.3.1/thumb/v7-m/crtn.o
 *(.fini)
 .fini          0x00000000080068d4        0x4 /usr/local/Cellar/gcc-arm-none-eabi/20180627/bin/../lib/gcc/arm-none-eabi/7.3.1/thumb/v7-m/crti.o
                0x00000000080068d4                _fini
 .fini          0x00000000080068d8        0x8 /usr/local/Cellar/gcc-arm-none-eabi/20180627/bin/../lib/gcc/arm-none-eabi/7.3.1/thumb/v7-m/crtn.o
                0x00000000080068e0                . = ALIGN (0x4)
                0x00000000080068e0                _etext = .

.vfp11_veneer   0x00000000080068e0        0x0
 .vfp11_veneer  0x00000000080068e0        0x0 linker stubs

.v4_bx          0x00000000080068e0        0x0
 .v4_bx         0x00000000080068e0        0x0 linker stubs

.iplt           0x00000000080068e0        0x0
 .iplt          0x00000000080068e0        0x0 /usr/local/Cellar/gcc-arm-none-eabi/20180627/bin/../lib/gcc/arm-none-eabi/7.3.1/thumb/v7-m/crtbegin.o

.rodata         0x00000000080068e0      0x730
                0x00000000080068e0                . = ALIGN (0x4)
 *(.rodata)
 *(.rodata*)
 .rodata.NVIC_PriorityGroupConfig.str1.4
                0x00000000080068e0       0x2d obj.version1/misc.o
 *fill*         0x000000000800690d        0x3 
 .rodata.EXTI_Init.str1.4
                0x0000000008006910       0x37 obj.version1/stm32f10x_exti.o
 *fill*         0x0000000008006947        0x1 
 .rodata.GPIO_DeInit.str1.4
                0x0000000008006948       0x37 obj.version1/stm32f10x_gpio.o
 *fill*         0x000000000800697f        0x1 
 .rodata.RCC_HSEConfig.str1.4
                0x0000000008006980       0x36 obj.version1/stm32f10x_rcc.o
 *fill*         0x00000000080069b6        0x2 
 .rodata.USART_DeInit.str1.4
                0x00000000080069b8       0x38 obj.version1/stm32f10x_usart.o
 .rodata.System_Information.str1.4
                0x00000000080069f0       0x77 obj.version1/main.o
 *fill*         0x0000000008006a67        0x1 
 .rodata.assert_failed.str1.4
                0x0000000008006a68       0x2d obj.version1/debug.o
 *fill*         0x0000000008006a95        0x3 
 .rodata.main_menu.str1.4
                0x0000000008006a98       0x93 obj.version1/menu.o
 *fill*         0x0000000008006b2b        0x1 
 .rodata.menu.str1.4
                0x0000000008006b2c       0xa7 obj.version1/menu.o
 *fill*         0x0000000008006bd3        0x1 
 .rodata.at_main_menu.str1.4
                0x0000000008006bd4       0x51 obj.version1/at_menu.o
                                         0x9b (size before relaxing)
 *fill*         0x0000000008006c25        0x3 
 .rodata.at_menu.str1.4
                0x0000000008006c28       0x7d obj.version1/at_menu.o
                                        0x127 (size before relaxing)
 *fill*         0x0000000008006ca5        0x3 
 .rodata.AT_Test.str1.4
                0x0000000008006ca8        0xb obj.version1/ESP8266.o
 *fill*         0x0000000008006cb3        0x1 
 .rodata.ESP_ModeSet.str1.4
                0x0000000008006cb4        0xf obj.version1/ESP8266.o
 *fill*         0x0000000008006cc3        0x1 
 .rodata.ESP_Reset.str1.4
                0x0000000008006cc4       0x11 obj.version1/ESP8266.o
 *fill*         0x0000000008006cd5        0x3 
 .rodata.ESP_StationList.str1.4
                0x0000000008006cd8       0x14 obj.version1/ESP8266.o
                                         0x13 (size before relaxing)
 .rodata._global_impure_ptr
                0x0000000008006cec        0x4 /usr/local/Cellar/gcc-arm-none-eabi/20180627/bin/../lib/gcc/arm-none-eabi/7.3.1/../../../../arm-none-eabi/lib/thumb/v7-m/libc_nano.a(lib_a-impure.o)
                0x0000000008006cec                _global_impure_ptr
 .rodata._printf_float.str1.1
                0x0000000008006cf0       0x12 /usr/local/Cellar/gcc-arm-none-eabi/20180627/bin/../lib/gcc/arm-none-eabi/7.3.1/../../../../arm-none-eabi/lib/thumb/v7-m/libc_nano.a(lib_a-nano-vfprintf_float.o)
 .rodata._printf_i.str1.1
                0x0000000008006d02       0x22 /usr/local/Cellar/gcc-arm-none-eabi/20180627/bin/../lib/gcc/arm-none-eabi/7.3.1/../../../../arm-none-eabi/lib/thumb/v7-m/libc_nano.a(lib_a-nano-vfprintf_i.o)
 .rodata._scanf_float.str1.1
                0x0000000008006d24        0x5 /usr/local/Cellar/gcc-arm-none-eabi/20180627/bin/../lib/gcc/arm-none-eabi/7.3.1/../../../../arm-none-eabi/lib/thumb/v7-m/libc_nano.a(lib_a-nano-vfscanf_float.o)
 .rodata._strtod_l.str1.1
                0x0000000008006d29        0x5 /usr/local/Cellar/gcc-arm-none-eabi/20180627/bin/../lib/gcc/arm-none-eabi/7.3.1/../../../../arm-none-eabi/lib/thumb/v7-m/libc_nano.a(lib_a-strtod.o)
                                          0xc (size before relaxing)
 *fill*         0x0000000008006d29        0x3 
 .rodata.fpi.6160
                0x0000000008006d2c       0x14 /usr/local/Cellar/gcc-arm-none-eabi/20180627/bin/../lib/gcc/arm-none-eabi/7.3.1/../../../../arm-none-eabi/lib/thumb/v7-m/libc_nano.a(lib_a-strtod.o)
 .rodata.fpinan.6196
                0x0000000008006d40       0x14 /usr/local/Cellar/gcc-arm-none-eabi/20180627/bin/../lib/gcc/arm-none-eabi/7.3.1/../../../../arm-none-eabi/lib/thumb/v7-m/libc_nano.a(lib_a-strtod.o)
 *fill*         0x0000000008006d54        0x4 
 .rodata.tinytens
                0x0000000008006d58       0x28 /usr/local/Cellar/gcc-arm-none-eabi/20180627/bin/../lib/gcc/arm-none-eabi/7.3.1/../../../../arm-none-eabi/lib/thumb/v7-m/libc_nano.a(lib_a-strtod.o)
 .rodata._dtoa_r.str1.1
                0x0000000008006d80        0xd /usr/local/Cellar/gcc-arm-none-eabi/20180627/bin/../lib/gcc/arm-none-eabi/7.3.1/../../../../arm-none-eabi/lib/thumb/v7-m/libc_nano.a(lib_a-dtoa.o)
                                          0xf (size before relaxing)
 *fill*         0x0000000008006d8d        0x3 
 .rodata.__sf_fake_stderr
                0x0000000008006d90       0x20 /usr/local/Cellar/gcc-arm-none-eabi/20180627/bin/../lib/gcc/arm-none-eabi/7.3.1/../../../../arm-none-eabi/lib/thumb/v7-m/libc_nano.a(lib_a-findfp.o)
                0x0000000008006d90                __sf_fake_stderr
 .rodata.__sf_fake_stdin
                0x0000000008006db0       0x20 /usr/local/Cellar/gcc-arm-none-eabi/20180627/bin/../lib/gcc/arm-none-eabi/7.3.1/../../../../arm-none-eabi/lib/thumb/v7-m/libc_nano.a(lib_a-findfp.o)
                0x0000000008006db0                __sf_fake_stdin
 .rodata.__sf_fake_stdout
                0x0000000008006dd0       0x20 /usr/local/Cellar/gcc-arm-none-eabi/20180627/bin/../lib/gcc/arm-none-eabi/7.3.1/../../../../arm-none-eabi/lib/thumb/v7-m/libc_nano.a(lib_a-findfp.o)
                0x0000000008006dd0                __sf_fake_stdout
 .rodata._setlocale_r.str1.1
                0x0000000008006df0        0x8 /usr/local/Cellar/gcc-arm-none-eabi/20180627/bin/../lib/gcc/arm-none-eabi/7.3.1/../../../../arm-none-eabi/lib/thumb/v7-m/libc_nano.a(lib_a-locale.o)
                                          0x9 (size before relaxing)
 .rodata.str1.1
                0x0000000008006df8        0x2 /usr/local/Cellar/gcc-arm-none-eabi/20180627/bin/../lib/gcc/arm-none-eabi/7.3.1/../../../../arm-none-eabi/lib/thumb/v7-m/libc_nano.a(lib_a-locale.o)
 *fill*         0x0000000008006dfa        0x6 
 .rodata.__mprec_bigtens
                0x0000000008006e00       0x28 /usr/local/Cellar/gcc-arm-none-eabi/20180627/bin/../lib/gcc/arm-none-eabi/7.3.1/../../../../arm-none-eabi/lib/thumb/v7-m/libc_nano.a(lib_a-mprec.o)
                0x0000000008006e00                __mprec_bigtens
 .rodata.__mprec_tens
                0x0000000008006e28       0xc8 /usr/local/Cellar/gcc-arm-none-eabi/20180627/bin/../lib/gcc/arm-none-eabi/7.3.1/../../../../arm-none-eabi/lib/thumb/v7-m/libc_nano.a(lib_a-mprec.o)
                0x0000000008006e28                __mprec_tens
 .rodata.p05.6084
                0x0000000008006ef0        0xc /usr/local/Cellar/gcc-arm-none-eabi/20180627/bin/../lib/gcc/arm-none-eabi/7.3.1/../../../../arm-none-eabi/lib/thumb/v7-m/libc_nano.a(lib_a-mprec.o)
 .rodata._svfprintf_r.str1.1
                0x0000000008006efc       0x11 /usr/local/Cellar/gcc-arm-none-eabi/20180627/bin/../lib/gcc/arm-none-eabi/7.3.1/../../../../arm-none-eabi/lib/thumb/v7-m/libc_nano.a(lib_a-nano-svfprintf.o)
 .rodata._vfprintf_r.str1.1
                0x0000000008006f0d       0x11 /usr/local/Cellar/gcc-arm-none-eabi/20180627/bin/../lib/gcc/arm-none-eabi/7.3.1/../../../../arm-none-eabi/lib/thumb/v7-m/libc_nano.a(lib_a-nano-vfprintf.o)
 .rodata._ctype_
                0x0000000008006f0d      0x101 /usr/local/Cellar/gcc-arm-none-eabi/20180627/bin/../lib/gcc/arm-none-eabi/7.3.1/../../../../arm-none-eabi/lib/thumb/v7-m/libc_nano.a(lib_a-ctype_.o)
                0x0000000008006f0d                _ctype_
                0x0000000008007010                . = ALIGN (0x4)
 *fill*         0x000000000800700e        0x2 

.rel.dyn        0x0000000008007010        0x0
 .rel.iplt      0x0000000008007010        0x0 /usr/local/Cellar/gcc-arm-none-eabi/20180627/bin/../lib/gcc/arm-none-eabi/7.3.1/thumb/v7-m/crtbegin.o

.ARM.extab
 *(.ARM.extab* .gnu.linkonce.armextab.*)

.ARM            0x0000000008007010        0x0
                0x0000000008007010                __exidx_start = .
 *(.ARM.exidx*)
                0x0000000008007010                __exidx_end = .

.preinit_array  0x0000000008007010        0x0
                0x0000000008007010                PROVIDE (__preinit_array_start = .)
 *(.preinit_array*)
                0x0000000008007010                PROVIDE (__preinit_array_end = .)

.init_array     0x0000000008007010        0x4
                0x0000000008007010                PROVIDE (__init_array_start = .)
 *(SORT_BY_NAME(.init_array.*))
 *(.init_array*)
 .init_array    0x0000000008007010        0x4 /usr/local/Cellar/gcc-arm-none-eabi/20180627/bin/../lib/gcc/arm-none-eabi/7.3.1/thumb/v7-m/crtbegin.o
                0x0000000008007014                PROVIDE (__init_array_end = .)

.fini_array     0x0000000008007014        0x4
                [!provide]                        PROVIDE (__fini_array_start = .)
 *(SORT_BY_NAME(.fini_array.*))
 *(.fini_array*)
 .fini_array    0x0000000008007014        0x4 /usr/local/Cellar/gcc-arm-none-eabi/20180627/bin/../lib/gcc/arm-none-eabi/7.3.1/thumb/v7-m/crtbegin.o
                [!provide]                        PROVIDE (__fini_array_end = .)
                0x0000000008007018                _sidata = LOADADDR (.data)

.data           0x0000000020000000      0x1e4 load address 0x0000000008007018
                0x0000000020000000                . = ALIGN (0x4)
                0x0000000020000000                _sdata = .
 *(.data)
 *(.data*)
 .data.ADCPrescTable
                0x0000000020000000        0x4 obj.version1/stm32f10x_rcc.o
 .data.APBAHBPrescTable
                0x0000000020000004       0x10 obj.version1/stm32f10x_rcc.o
 .data._impure_ptr
                0x0000000020000014        0x4 /usr/local/Cellar/gcc-arm-none-eabi/20180627/bin/../lib/gcc/arm-none-eabi/7.3.1/../../../../arm-none-eabi/lib/thumb/v7-m/libc_nano.a(lib_a-impure.o)
                0x0000000020000014                _impure_ptr
 .data.impure_data
                0x0000000020000018       0x60 /usr/local/Cellar/gcc-arm-none-eabi/20180627/bin/../lib/gcc/arm-none-eabi/7.3.1/../../../../arm-none-eabi/lib/thumb/v7-m/libc_nano.a(lib_a-impure.o)
 .data.__global_locale
                0x0000000020000078      0x16c /usr/local/Cellar/gcc-arm-none-eabi/20180627/bin/../lib/gcc/arm-none-eabi/7.3.1/../../../../arm-none-eabi/lib/thumb/v7-m/libc_nano.a(lib_a-locale.o)
                0x0000000020000078                __global_locale
                0x00000000200001e4                . = ALIGN (0x4)
                0x00000000200001e4                _edata = .

.igot.plt       0x00000000200001e4        0x0 load address 0x00000000080071fc
 .igot.plt      0x00000000200001e4        0x0 /usr/local/Cellar/gcc-arm-none-eabi/20180627/bin/../lib/gcc/arm-none-eabi/7.3.1/thumb/v7-m/crtbegin.o
                0x00000000200001e4                . = ALIGN (0x4)

.bss            0x00000000200001e4      0x538 load address 0x00000000080071fc
                0x00000000200001e4                _sbss = .
                0x00000000200001e4                __bss_start__ = _sbss
 *(.bss)
 .bss           0x00000000200001e4       0x1c /usr/local/Cellar/gcc-arm-none-eabi/20180627/bin/../lib/gcc/arm-none-eabi/7.3.1/thumb/v7-m/crtbegin.o
 *(.bss*)
 .bss.TimingDelay
                0x0000000020000200        0x4 obj.version1/Hw_Config.o
 .bss.esp_rx_point_header
                0x0000000020000204        0x4 obj.version1/ESP8266.o
                0x0000000020000204                esp_rx_point_header
 .bss.esp_rx_point_tail
                0x0000000020000208        0x4 obj.version1/ESP8266.o
                0x0000000020000208                esp_rx_point_tail
 .bss.__malloc_free_list
                0x000000002000020c        0x4 /usr/local/Cellar/gcc-arm-none-eabi/20180627/bin/../lib/gcc/arm-none-eabi/7.3.1/../../../../arm-none-eabi/lib/thumb/v7-m/libc_nano.a(lib_a-nano-mallocr.o)
                0x000000002000020c                __malloc_free_list
 .bss.__malloc_sbrk_start
                0x0000000020000210        0x4 /usr/local/Cellar/gcc-arm-none-eabi/20180627/bin/../lib/gcc/arm-none-eabi/7.3.1/../../../../arm-none-eabi/lib/thumb/v7-m/libc_nano.a(lib_a-nano-mallocr.o)
                0x0000000020000210                __malloc_sbrk_start
 .bss.heap_end.4102
                0x0000000020000214        0x4 /usr/local/Cellar/gcc-arm-none-eabi/20180627/bin/../lib/gcc/arm-none-eabi/7.3.1/../../../../arm-none-eabi/lib/thumb/v7-m/libnosys.a(sbrk.o)
 *(COMMON)
 COMMON         0x0000000020000218       0x14 obj.version1/main.o
                0x0000000020000218                rcc_clocks
 COMMON         0x000000002000022c      0x104 obj.version1/lib_dbg.o
                0x000000002000022c                EXTI_DBG
                0x0000000020000230                SCB_DBG
                0x0000000020000234                GPIOB_DBG
                0x0000000020000238                USART2_DBG
                0x000000002000023c                FSMC_Bank4_DBG
                0x0000000020000240                SPI2_DBG
                0x0000000020000244                WWDG_DBG
                0x0000000020000248                I2C1_DBG
                0x000000002000024c                TIM3_DBG
                0x0000000020000250                UART4_DBG
                0x0000000020000254                FSMC_Bank1_DBG
                0x0000000020000258                DMA2_Channel1_DBG
                0x000000002000025c                FLASH_DBG
                0x0000000020000260                I2C2_DBG
                0x0000000020000264                DMA1_Channel6_DBG
                0x0000000020000268                DMA2_DBG
                0x000000002000026c                GPIOF_DBG
                0x0000000020000270                ADC3_DBG
                0x0000000020000274                USART3_DBG
                0x0000000020000278                TIM8_DBG
                0x000000002000027c                TIM4_DBG
                0x0000000020000280                DMA1_Channel7_DBG
                0x0000000020000284                DMA1_Channel3_DBG
                0x0000000020000288                ADC2_DBG
                0x000000002000028c                GPIOG_DBG
                0x0000000020000290                UART5_DBG
                0x0000000020000294                SDIO_DBG
                0x0000000020000298                PWR_DBG
                0x000000002000029c                CRC_DBG
                0x00000000200002a0                FSMC_Bank1E_DBG
                0x00000000200002a4                DMA2_Channel2_DBG
                0x00000000200002a8                RTC_DBG
                0x00000000200002ac                DMA1_Channel4_DBG
                0x00000000200002b0                DMA1_Channel1_DBG
                0x00000000200002b4                GPIOD_DBG
                0x00000000200002b8                GPIOC_DBG
                0x00000000200002bc                TIM6_DBG
                0x00000000200002c0                SPI3_DBG
                0x00000000200002c4                TIM1_DBG
                0x00000000200002c8                CAN1_DBG
                0x00000000200002cc                DBGMCU_DBG
                0x00000000200002d0                AFIO_DBG
                0x00000000200002d4                GPIOA_DBG
                0x00000000200002d8                TIM5_DBG
                0x00000000200002dc                ADC1_DBG
                0x00000000200002e0                OB_DBG
                0x00000000200002e4                GPIOE_DBG
                0x00000000200002e8                DMA1_Channel5_DBG
                0x00000000200002ec                SPI1_DBG
                0x00000000200002f0                DMA2_Channel3_DBG
                0x00000000200002f4                NVIC_DBG
                0x00000000200002f8                FSMC_Bank2_DBG
                0x00000000200002fc                DAC_DBG
                0x0000000020000300                TIM7_DBG
                0x0000000020000304                TIM2_DBG
                0x0000000020000308                USART1_DBG
                0x000000002000030c                DMA1_DBG
                0x0000000020000310                IWDG_DBG
                0x0000000020000314                DMA2_Channel5_DBG
                0x0000000020000318                RCC_DBG
                0x000000002000031c                FSMC_Bank3_DBG
                0x0000000020000320                SysTick_DBG
                0x0000000020000324                DMA2_Channel4_DBG
                0x0000000020000328                DMA1_Channel2_DBG
                0x000000002000032c                BKP_DBG
 COMMON         0x0000000020000330      0x3e8 obj.version1/ESP8266.o
                0x0000000020000330                ESP_BUFFER
 COMMON         0x0000000020000718        0x4 /usr/local/Cellar/gcc-arm-none-eabi/20180627/bin/../lib/gcc/arm-none-eabi/7.3.1/../../../../arm-none-eabi/lib/thumb/v7-m/libc_nano.a(lib_a-reent.o)
                0x0000000020000718                errno
                0x000000002000071c                . = ALIGN (0x4)
                0x000000002000071c                _ebss = .
                0x000000002000071c                __bss_end__ = _ebss

._user_heap_stack
                0x000000002000071c      0x604 load address 0x00000000080071fc
                0x0000000020000720                . = ALIGN (0x8)
 *fill*         0x000000002000071c        0x4 
                0x0000000020000720                PROVIDE (end = .)
                [!provide]                        PROVIDE (_end = .)
                0x0000000020000920                . = (. + _Min_Heap_Size)
 *fill*         0x0000000020000720      0x200 
                0x0000000020000d20                . = (. + _Min_Stack_Size)
 *fill*         0x0000000020000920      0x400 
                0x0000000020000d20                . = ALIGN (0x8)

/DISCARD/
 libc.a(*)
 libm.a(*)
 libgcc.a(*)

.ARM.attributes
                0x0000000000000000       0x29
 *(.ARM.attributes)
 .ARM.attributes
                0x0000000000000000       0x1d /usr/local/Cellar/gcc-arm-none-eabi/20180627/bin/../lib/gcc/arm-none-eabi/7.3.1/thumb/v7-m/crti.o
 .ARM.attributes
                0x000000000000001d       0x2d /usr/local/Cellar/gcc-arm-none-eabi/20180627/bin/../lib/gcc/arm-none-eabi/7.3.1/thumb/v7-m/crtbegin.o
 .ARM.attributes
                0x000000000000004a       0x21 obj.version1/startup_stm32f10x_md.o
 .ARM.attributes
                0x000000000000006b       0x33 obj.version1/system_stm32f10x.o
 .ARM.attributes
                0x000000000000009e       0x33 obj.version1/misc.o
 .ARM.attributes
                0x00000000000000d1       0x33 obj.version1/stm32f10x_exti.o
 .ARM.attributes
                0x0000000000000104       0x33 obj.version1/stm32f10x_gpio.o
 .ARM.attributes
                0x0000000000000137       0x33 obj.version1/stm32f10x_rcc.o
 .ARM.attributes
                0x000000000000016a       0x33 obj.version1/stm32f10x_usart.o
 .ARM.attributes
                0x000000000000019d       0x33 obj.version1/main.o
 .ARM.attributes
                0x00000000000001d0       0x33 obj.version1/debug.o
 .ARM.attributes
                0x0000000000000203       0x33 obj.version1/Hw_Config.o
 .ARM.attributes
                0x0000000000000236       0x33 obj.version1/lib_dbg.o
 .ARM.attributes
                0x0000000000000269       0x33 obj.version1/stm32f10x_it.o
 .ARM.attributes
                0x000000000000029c       0x33 obj.version1/syscalls.o
 .ARM.attributes
                0x00000000000002cf       0x33 obj.version1/menu.o
 .ARM.attributes
                0x0000000000000302       0x33 obj.version1/at_menu.o
 .ARM.attributes
                0x0000000000000335       0x33 obj.version1/ESP8266.o
 .ARM.attributes
                0x0000000000000368       0x2d /usr/local/Cellar/gcc-arm-none-eabi/20180627/bin/../lib/gcc/arm-none-eabi/7.3.1/../../../../arm-none-eabi/lib/thumb/v7-m/libc_nano.a(lib_a-impure.o)
 .ARM.attributes
                0x0000000000000395       0x2d /usr/local/Cellar/gcc-arm-none-eabi/20180627/bin/../lib/gcc/arm-none-eabi/7.3.1/../../../../arm-none-eabi/lib/thumb/v7-m/libc_nano.a(lib_a-memset.o)
 .ARM.attributes
                0x00000000000003c2       0x2d /usr/local/Cellar/gcc-arm-none-eabi/20180627/bin/../lib/gcc/arm-none-eabi/7.3.1/../../../../arm-none-eabi/lib/thumb/v7-m/libc_nano.a(lib_a-nano-vfprintf_float.o)
 .ARM.attributes
                0x00000000000003ef       0x2d /usr/local/Cellar/gcc-arm-none-eabi/20180627/bin/../lib/gcc/arm-none-eabi/7.3.1/../../../../arm-none-eabi/lib/thumb/v7-m/libc_nano.a(lib_a-nano-vfprintf_i.o)
 .ARM.attributes
                0x000000000000041c       0x2d /usr/local/Cellar/gcc-arm-none-eabi/20180627/bin/../lib/gcc/arm-none-eabi/7.3.1/../../../../arm-none-eabi/lib/thumb/v7-m/libc_nano.a(lib_a-nano-vfscanf_float.o)
 .ARM.attributes
                0x0000000000000449       0x2d /usr/local/Cellar/gcc-arm-none-eabi/20180627/bin/../lib/gcc/arm-none-eabi/7.3.1/../../../../arm-none-eabi/lib/thumb/v7-m/libc_nano.a(lib_a-printf.o)
 .ARM.attributes
                0x0000000000000476       0x2d /usr/local/Cellar/gcc-arm-none-eabi/20180627/bin/../lib/gcc/arm-none-eabi/7.3.1/../../../../arm-none-eabi/lib/thumb/v7-m/libc_nano.a(lib_a-puts.o)
 .ARM.attributes
                0x00000000000004a3       0x2d /usr/local/Cellar/gcc-arm-none-eabi/20180627/bin/../lib/gcc/arm-none-eabi/7.3.1/../../../../arm-none-eabi/lib/thumb/v7-m/libc_nano.a(lib_a-sf_nan.o)
 .ARM.attributes
                0x00000000000004d0       0x2d /usr/local/Cellar/gcc-arm-none-eabi/20180627/bin/../lib/gcc/arm-none-eabi/7.3.1/../../../../arm-none-eabi/lib/thumb/v7-m/libc_nano.a(lib_a-sprintf.o)
 .ARM.attributes
                0x00000000000004fd       0x17 /usr/local/Cellar/gcc-arm-none-eabi/20180627/bin/../lib/gcc/arm-none-eabi/7.3.1/../../../../arm-none-eabi/lib/thumb/v7-m/libc_nano.a(lib_a-strlen.o)
 .ARM.attributes
                0x0000000000000514       0x2d /usr/local/Cellar/gcc-arm-none-eabi/20180627/bin/../lib/gcc/arm-none-eabi/7.3.1/../../../../arm-none-eabi/lib/thumb/v7-m/libc_nano.a(lib_a-strstr.o)
 .ARM.attributes
                0x0000000000000541       0x2d /usr/local/Cellar/gcc-arm-none-eabi/20180627/bin/../lib/gcc/arm-none-eabi/7.3.1/../../../../arm-none-eabi/lib/thumb/v7-m/libc_nano.a(lib_a-strtod.o)
 .ARM.attributes
                0x000000000000056e       0x2d /usr/local/Cellar/gcc-arm-none-eabi/20180627/bin/../lib/gcc/arm-none-eabi/7.3.1/../../../../arm-none-eabi/lib/thumb/v7-m/libc_nano.a(lib_a-strtol.o)
 .ARM.attributes
                0x000000000000059b       0x2d /usr/local/Cellar/gcc-arm-none-eabi/20180627/bin/../lib/gcc/arm-none-eabi/7.3.1/../../../../arm-none-eabi/lib/thumb/v7-m/libc_nano.a(lib_a-wbuf.o)
 .ARM.attributes
                0x00000000000005c8       0x2d /usr/local/Cellar/gcc-arm-none-eabi/20180627/bin/../lib/gcc/arm-none-eabi/7.3.1/../../../../arm-none-eabi/lib/thumb/v7-m/libc_nano.a(lib_a-wsetup.o)
 .ARM.attributes
                0x00000000000005f5       0x2d /usr/local/Cellar/gcc-arm-none-eabi/20180627/bin/../lib/gcc/arm-none-eabi/7.3.1/../../../../arm-none-eabi/lib/thumb/v7-m/libc_nano.a(lib_a-dtoa.o)
 .ARM.attributes
                0x0000000000000622       0x2d /usr/local/Cellar/gcc-arm-none-eabi/20180627/bin/../lib/gcc/arm-none-eabi/7.3.1/../../../../arm-none-eabi/lib/thumb/v7-m/libc_nano.a(lib_a-fflush.o)
 .ARM.attributes
                0x000000000000064f       0x2d /usr/local/Cellar/gcc-arm-none-eabi/20180627/bin/../lib/gcc/arm-none-eabi/7.3.1/../../../../arm-none-eabi/lib/thumb/v7-m/libc_nano.a(lib_a-findfp.o)
 .ARM.attributes
                0x000000000000067c       0x2d /usr/local/Cellar/gcc-arm-none-eabi/20180627/bin/../lib/gcc/arm-none-eabi/7.3.1/../../../../arm-none-eabi/lib/thumb/v7-m/libc_nano.a(lib_a-fwalk.o)
 .ARM.attributes
                0x00000000000006a9       0x2d /usr/local/Cellar/gcc-arm-none-eabi/20180627/bin/../lib/gcc/arm-none-eabi/7.3.1/../../../../arm-none-eabi/lib/thumb/v7-m/libc_nano.a(lib_a-gdtoa-gethex.o)
 .ARM.attributes
                0x00000000000006d6       0x2d /usr/local/Cellar/gcc-arm-none-eabi/20180627/bin/../lib/gcc/arm-none-eabi/7.3.1/../../../../arm-none-eabi/lib/thumb/v7-m/libc_nano.a(lib_a-gdtoa-hexnan.o)
 .ARM.attributes
                0x0000000000000703       0x2d /usr/local/Cellar/gcc-arm-none-eabi/20180627/bin/../lib/gcc/arm-none-eabi/7.3.1/../../../../arm-none-eabi/lib/thumb/v7-m/libc_nano.a(lib_a-locale.o)
 .ARM.attributes
                0x0000000000000730       0x2d /usr/local/Cellar/gcc-arm-none-eabi/20180627/bin/../lib/gcc/arm-none-eabi/7.3.1/../../../../arm-none-eabi/lib/thumb/v7-m/libc_nano.a(lib_a-localeconv.o)
 .ARM.attributes
                0x000000000000075d       0x2d /usr/local/Cellar/gcc-arm-none-eabi/20180627/bin/../lib/gcc/arm-none-eabi/7.3.1/../../../../arm-none-eabi/lib/thumb/v7-m/libc_nano.a(lib_a-makebuf.o)
 .ARM.attributes
                0x000000000000078a       0x2d /usr/local/Cellar/gcc-arm-none-eabi/20180627/bin/../lib/gcc/arm-none-eabi/7.3.1/../../../../arm-none-eabi/lib/thumb/v7-m/libc_nano.a(lib_a-malloc.o)
 .ARM.attributes
                0x00000000000007b7       0x2d /usr/local/Cellar/gcc-arm-none-eabi/20180627/bin/../lib/gcc/arm-none-eabi/7.3.1/../../../../arm-none-eabi/lib/thumb/v7-m/libc_nano.a(lib_a-mbtowc_r.o)
 .ARM.attributes
                0x00000000000007e4       0x2d /usr/local/Cellar/gcc-arm-none-eabi/20180627/bin/../lib/gcc/arm-none-eabi/7.3.1/../../../../arm-none-eabi/lib/thumb/v7-m/libc_nano.a(lib_a-memchr-stub.o)
 .ARM.attributes
                0x0000000000000811       0x2d /usr/local/Cellar/gcc-arm-none-eabi/20180627/bin/../lib/gcc/arm-none-eabi/7.3.1/../../../../arm-none-eabi/lib/thumb/v7-m/libc_nano.a(lib_a-memcpy-stub.o)
 .ARM.attributes
                0x000000000000083e       0x2d /usr/local/Cellar/gcc-arm-none-eabi/20180627/bin/../lib/gcc/arm-none-eabi/7.3.1/../../../../arm-none-eabi/lib/thumb/v7-m/libc_nano.a(lib_a-mprec.o)
 .ARM.attributes
                0x000000000000086b       0x2d /usr/local/Cellar/gcc-arm-none-eabi/20180627/bin/../lib/gcc/arm-none-eabi/7.3.1/../../../../arm-none-eabi/lib/thumb/v7-m/libc_nano.a(lib_a-nano-callocr.o)
 .ARM.attributes
                0x0000000000000898       0x2d /usr/local/Cellar/gcc-arm-none-eabi/20180627/bin/../lib/gcc/arm-none-eabi/7.3.1/../../../../arm-none-eabi/lib/thumb/v7-m/libc_nano.a(lib_a-nano-freer.o)
 .ARM.attributes
                0x00000000000008c5       0x2d /usr/local/Cellar/gcc-arm-none-eabi/20180627/bin/../lib/gcc/arm-none-eabi/7.3.1/../../../../arm-none-eabi/lib/thumb/v7-m/libc_nano.a(lib_a-nano-mallocr.o)
 .ARM.attributes
                0x00000000000008f2       0x2d /usr/local/Cellar/gcc-arm-none-eabi/20180627/bin/../lib/gcc/arm-none-eabi/7.3.1/../../../../arm-none-eabi/lib/thumb/v7-m/libc_nano.a(lib_a-nano-svfprintf.o)
 .ARM.attributes
                0x000000000000091f       0x2d /usr/local/Cellar/gcc-arm-none-eabi/20180627/bin/../lib/gcc/arm-none-eabi/7.3.1/../../../../arm-none-eabi/lib/thumb/v7-m/libc_nano.a(lib_a-nano-vfprintf.o)
 .ARM.attributes
                0x000000000000094c       0x2d /usr/local/Cellar/gcc-arm-none-eabi/20180627/bin/../lib/gcc/arm-none-eabi/7.3.1/../../../../arm-none-eabi/lib/thumb/v7-m/libc_nano.a(lib_a-sbrkr.o)
 .ARM.attributes
                0x0000000000000979       0x2d /usr/local/Cellar/gcc-arm-none-eabi/20180627/bin/../lib/gcc/arm-none-eabi/7.3.1/../../../../arm-none-eabi/lib/thumb/v7-m/libc_nano.a(lib_a-stdio.o)
 .ARM.attributes
                0x00000000000009a6       0x2d /usr/local/Cellar/gcc-arm-none-eabi/20180627/bin/../lib/gcc/arm-none-eabi/7.3.1/../../../../arm-none-eabi/lib/thumb/v7-m/libc_nano.a(lib_a-strncmp.o)
 .ARM.attributes
                0x00000000000009d3       0x2d /usr/local/Cellar/gcc-arm-none-eabi/20180627/bin/../lib/gcc/arm-none-eabi/7.3.1/../../../../arm-none-eabi/lib/thumb/v7-m/libc_nano.a(lib_a-wctomb_r.o)
 .ARM.attributes
                0x0000000000000a00       0x2d /usr/local/Cellar/gcc-arm-none-eabi/20180627/bin/../lib/gcc/arm-none-eabi/7.3.1/../../../../arm-none-eabi/lib/thumb/v7-m/libc_nano.a(lib_a-writer.o)
 .ARM.attributes
                0x0000000000000a2d       0x2d /usr/local/Cellar/gcc-arm-none-eabi/20180627/bin/../lib/gcc/arm-none-eabi/7.3.1/../../../../arm-none-eabi/lib/thumb/v7-m/libc_nano.a(lib_a-closer.o)
 .ARM.attributes
                0x0000000000000a5a       0x2d /usr/local/Cellar/gcc-arm-none-eabi/20180627/bin/../lib/gcc/arm-none-eabi/7.3.1/../../../../arm-none-eabi/lib/thumb/v7-m/libc_nano.a(lib_a-ctype_.o)
 .ARM.attributes
                0x0000000000000a87       0x2d /usr/local/Cellar/gcc-arm-none-eabi/20180627/bin/../lib/gcc/arm-none-eabi/7.3.1/../../../../arm-none-eabi/lib/thumb/v7-m/libc_nano.a(lib_a-fstatr.o)
 .ARM.attributes
                0x0000000000000ab4       0x2d /usr/local/Cellar/gcc-arm-none-eabi/20180627/bin/../lib/gcc/arm-none-eabi/7.3.1/../../../../arm-none-eabi/lib/thumb/v7-m/libc_nano.a(lib_a-isattyr.o)
 .ARM.attributes
                0x0000000000000ae1       0x2d /usr/local/Cellar/gcc-arm-none-eabi/20180627/bin/../lib/gcc/arm-none-eabi/7.3.1/../../../../arm-none-eabi/lib/thumb/v7-m/libc_nano.a(lib_a-lseekr.o)
 .ARM.attributes
                0x0000000000000b0e       0x2d /usr/local/Cellar/gcc-arm-none-eabi/20180627/bin/../lib/gcc/arm-none-eabi/7.3.1/../../../../arm-none-eabi/lib/thumb/v7-m/libc_nano.a(lib_a-memmove.o)
 .ARM.attributes
                0x0000000000000b3b       0x2d /usr/local/Cellar/gcc-arm-none-eabi/20180627/bin/../lib/gcc/arm-none-eabi/7.3.1/../../../../arm-none-eabi/lib/thumb/v7-m/libc_nano.a(lib_a-mlock.o)
 .ARM.attributes
                0x0000000000000b68       0x2d /usr/local/Cellar/gcc-arm-none-eabi/20180627/bin/../lib/gcc/arm-none-eabi/7.3.1/../../../../arm-none-eabi/lib/thumb/v7-m/libc_nano.a(lib_a-nano-reallocr.o)
 .ARM.attributes
                0x0000000000000b95       0x2d /usr/local/Cellar/gcc-arm-none-eabi/20180627/bin/../lib/gcc/arm-none-eabi/7.3.1/../../../../arm-none-eabi/lib/thumb/v7-m/libc_nano.a(lib_a-readr.o)
 .ARM.attributes
                0x0000000000000bc2       0x2d /usr/local/Cellar/gcc-arm-none-eabi/20180627/bin/../lib/gcc/arm-none-eabi/7.3.1/../../../../arm-none-eabi/lib/thumb/v7-m/libc_nano.a(lib_a-reent.o)
 .ARM.attributes
                0x0000000000000bef       0x2d /usr/local/Cellar/gcc-arm-none-eabi/20180627/bin/../lib/gcc/arm-none-eabi/7.3.1/../../../../arm-none-eabi/lib/thumb/v7-m/libc_nano.a(lib_a-nano-msizer.o)
 .ARM.attributes
                0x0000000000000c1c       0x2d /usr/local/Cellar/gcc-arm-none-eabi/20180627/bin/../lib/gcc/arm-none-eabi/7.3.1/../../../../arm-none-eabi/lib/thumb/v7-m/libnosys.a(fstat.o)
 .ARM.attributes
                0x0000000000000c49       0x2d /usr/local/Cellar/gcc-arm-none-eabi/20180627/bin/../lib/gcc/arm-none-eabi/7.3.1/../../../../arm-none-eabi/lib/thumb/v7-m/libnosys.a(isatty.o)
 .ARM.attributes
                0x0000000000000c76       0x2d /usr/local/Cellar/gcc-arm-none-eabi/20180627/bin/../lib/gcc/arm-none-eabi/7.3.1/../../../../arm-none-eabi/lib/thumb/v7-m/libnosys.a(lseek.o)
 .ARM.attributes
                0x0000000000000ca3       0x2d /usr/local/Cellar/gcc-arm-none-eabi/20180627/bin/../lib/gcc/arm-none-eabi/7.3.1/../../../../arm-none-eabi/lib/thumb/v7-m/libnosys.a(read.o)
 .ARM.attributes
                0x0000000000000cd0       0x2d /usr/local/Cellar/gcc-arm-none-eabi/20180627/bin/../lib/gcc/arm-none-eabi/7.3.1/../../../../arm-none-eabi/lib/thumb/v7-m/libnosys.a(sbrk.o)
 .ARM.attributes
                0x0000000000000cfd       0x1d /usr/local/Cellar/gcc-arm-none-eabi/20180627/bin/../lib/gcc/arm-none-eabi/7.3.1/thumb/v7-m/libgcc.a(_arm_addsubdf3.o)
 .ARM.attributes
                0x0000000000000d1a       0x1d /usr/local/Cellar/gcc-arm-none-eabi/20180627/bin/../lib/gcc/arm-none-eabi/7.3.1/thumb/v7-m/libgcc.a(_arm_muldivdf3.o)
 .ARM.attributes
                0x0000000000000d37       0x1d /usr/local/Cellar/gcc-arm-none-eabi/20180627/bin/../lib/gcc/arm-none-eabi/7.3.1/thumb/v7-m/libgcc.a(_arm_cmpdf2.o)
 .ARM.attributes
                0x0000000000000d54       0x1d /usr/local/Cellar/gcc-arm-none-eabi/20180627/bin/../lib/gcc/arm-none-eabi/7.3.1/thumb/v7-m/libgcc.a(_arm_unorddf2.o)
 .ARM.attributes
                0x0000000000000d71       0x1d /usr/local/Cellar/gcc-arm-none-eabi/20180627/bin/../lib/gcc/arm-none-eabi/7.3.1/thumb/v7-m/libgcc.a(_arm_fixdfsi.o)
 .ARM.attributes
                0x0000000000000d8e       0x1d /usr/local/Cellar/gcc-arm-none-eabi/20180627/bin/../lib/gcc/arm-none-eabi/7.3.1/thumb/v7-m/libgcc.a(_arm_fixunsdfsi.o)
 .ARM.attributes
                0x0000000000000dab       0x1d /usr/local/Cellar/gcc-arm-none-eabi/20180627/bin/../lib/gcc/arm-none-eabi/7.3.1/thumb/v7-m/libgcc.a(_arm_truncdfsf2.o)
 .ARM.attributes
                0x0000000000000dc8       0x1d /usr/local/Cellar/gcc-arm-none-eabi/20180627/bin/../lib/gcc/arm-none-eabi/7.3.1/thumb/v7-m/crtn.o
OUTPUT(wifiTest.elf elf32-littlearm)

.debug_info     0x0000000000000000     0xdc7e
 .debug_info    0x0000000000000000      0x31b obj.version1/system_stm32f10x.o
 .debug_info    0x000000000000031b      0x682 obj.version1/misc.o
 .debug_info    0x000000000000099d      0x4de obj.version1/stm32f10x_exti.o
 .debug_info    0x0000000000000e7b      0xc59 obj.version1/stm32f10x_gpio.o
 .debug_info    0x0000000000001ad4      0xd74 obj.version1/stm32f10x_rcc.o
 .debug_info    0x0000000000002848     0x12a1 obj.version1/stm32f10x_usart.o
 .debug_info    0x0000000000003ae9     0x10fe obj.version1/main.o
 .debug_info    0x0000000000004be7      0xbe7 obj.version1/debug.o
 .debug_info    0x00000000000057ce     0x117c obj.version1/Hw_Config.o
 .debug_info    0x000000000000694a     0x2293 obj.version1/lib_dbg.o
 .debug_info    0x0000000000008bdd     0x10b8 obj.version1/stm32f10x_it.o
 .debug_info    0x0000000000009c95      0xc39 obj.version1/syscalls.o
 .debug_info    0x000000000000a8ce      0xe51 obj.version1/menu.o
 .debug_info    0x000000000000b71f      0xfbb obj.version1/at_menu.o
 .debug_info    0x000000000000c6da     0x15a4 obj.version1/ESP8266.o

.debug_abbrev   0x0000000000000000     0x1f5c
 .debug_abbrev  0x0000000000000000      0x10a obj.version1/system_stm32f10x.o
 .debug_abbrev  0x000000000000010a      0x149 obj.version1/misc.o
 .debug_abbrev  0x0000000000000253      0x1c3 obj.version1/stm32f10x_exti.o
 .debug_abbrev  0x0000000000000416      0x20d obj.version1/stm32f10x_gpio.o
 .debug_abbrev  0x0000000000000623      0x1fa obj.version1/stm32f10x_rcc.o
 .debug_abbrev  0x000000000000081d      0x20d obj.version1/stm32f10x_usart.o
 .debug_abbrev  0x0000000000000a2a      0x2ea obj.version1/main.o
 .debug_abbrev  0x0000000000000d14      0x1c5 obj.version1/debug.o
 .debug_abbrev  0x0000000000000ed9      0x2c7 obj.version1/Hw_Config.o
 .debug_abbrev  0x00000000000011a0      0x122 obj.version1/lib_dbg.o
 .debug_abbrev  0x00000000000012c2      0x283 obj.version1/stm32f10x_it.o
 .debug_abbrev  0x0000000000001545      0x24c obj.version1/syscalls.o
 .debug_abbrev  0x0000000000001791      0x23a obj.version1/menu.o
 .debug_abbrev  0x00000000000019cb      0x24b obj.version1/at_menu.o
 .debug_abbrev  0x0000000000001c16      0x346 obj.version1/ESP8266.o

.debug_loc      0x0000000000000000     0x3a0b
 .debug_loc     0x0000000000000000       0x78 obj.version1/system_stm32f10x.o
 .debug_loc     0x0000000000000078      0x2a7 obj.version1/misc.o
 .debug_loc     0x000000000000031f      0x2e7 obj.version1/stm32f10x_exti.o
 .debug_loc     0x0000000000000606      0xa88 obj.version1/stm32f10x_gpio.o
 .debug_loc     0x000000000000108e      0xe3f obj.version1/stm32f10x_rcc.o
 .debug_loc     0x0000000000001ecd      0xe63 obj.version1/stm32f10x_usart.o
 .debug_loc     0x0000000000002d30       0xea obj.version1/main.o
 .debug_loc     0x0000000000002e1a      0x278 obj.version1/debug.o
 .debug_loc     0x0000000000003092      0x1ec obj.version1/Hw_Config.o
 .debug_loc     0x000000000000327e       0x60 obj.version1/stm32f10x_it.o
 .debug_loc     0x00000000000032de       0xd6 obj.version1/syscalls.o
 .debug_loc     0x00000000000033b4      0x16f obj.version1/menu.o
 .debug_loc     0x0000000000003523      0x18d obj.version1/at_menu.o
 .debug_loc     0x00000000000036b0      0x35b obj.version1/ESP8266.o

.debug_aranges  0x0000000000000000      0x748
 .debug_aranges
                0x0000000000000000       0x30 obj.version1/system_stm32f10x.o
 .debug_aranges
                0x0000000000000030       0x40 obj.version1/misc.o
 .debug_aranges
                0x0000000000000070       0x58 obj.version1/stm32f10x_exti.o
 .debug_aranges
                0x00000000000000c8       0xa8 obj.version1/stm32f10x_gpio.o
 .debug_aranges
                0x0000000000000170      0x118 obj.version1/stm32f10x_rcc.o
 .debug_aranges
                0x0000000000000288       0xf0 obj.version1/stm32f10x_usart.o
 .debug_aranges
                0x0000000000000378       0x28 obj.version1/main.o
 .debug_aranges
                0x00000000000003a0       0x48 obj.version1/debug.o
 .debug_aranges
                0x00000000000003e8       0x70 obj.version1/Hw_Config.o
 .debug_aranges
                0x0000000000000458       0x20 obj.version1/lib_dbg.o
 .debug_aranges
                0x0000000000000478      0x1b0 obj.version1/stm32f10x_it.o
 .debug_aranges
                0x0000000000000628       0x28 obj.version1/syscalls.o
 .debug_aranges
                0x0000000000000650       0x28 obj.version1/menu.o
 .debug_aranges
                0x0000000000000678       0x28 obj.version1/at_menu.o
 .debug_aranges
                0x00000000000006a0       0xa8 obj.version1/ESP8266.o

.debug_ranges   0x0000000000000000      0x658
 .debug_ranges  0x0000000000000000       0x20 obj.version1/system_stm32f10x.o
 .debug_ranges  0x0000000000000020       0x30 obj.version1/misc.o
 .debug_ranges  0x0000000000000050       0x48 obj.version1/stm32f10x_exti.o
 .debug_ranges  0x0000000000000098       0x98 obj.version1/stm32f10x_gpio.o
 .debug_ranges  0x0000000000000130      0x108 obj.version1/stm32f10x_rcc.o
 .debug_ranges  0x0000000000000238       0xe0 obj.version1/stm32f10x_usart.o
 .debug_ranges  0x0000000000000318       0x18 obj.version1/main.o
 .debug_ranges  0x0000000000000330       0x38 obj.version1/debug.o
 .debug_ranges  0x0000000000000368       0x60 obj.version1/Hw_Config.o
 .debug_ranges  0x00000000000003c8       0x10 obj.version1/lib_dbg.o
 .debug_ranges  0x00000000000003d8      0x1a0 obj.version1/stm32f10x_it.o
 .debug_ranges  0x0000000000000578       0x18 obj.version1/syscalls.o
 .debug_ranges  0x0000000000000590       0x18 obj.version1/menu.o
 .debug_ranges  0x00000000000005a8       0x18 obj.version1/at_menu.o
 .debug_ranges  0x00000000000005c0       0x98 obj.version1/ESP8266.o

.debug_line     0x0000000000000000     0x3903
 .debug_line    0x0000000000000000      0x199 obj.version1/system_stm32f10x.o
 .debug_line    0x0000000000000199      0x273 obj.version1/misc.o
 .debug_line    0x000000000000040c      0x37c obj.version1/stm32f10x_exti.o
 .debug_line    0x0000000000000788      0x720 obj.version1/stm32f10x_gpio.o
 .debug_line    0x0000000000000ea8      0x6cd obj.version1/stm32f10x_rcc.o
 .debug_line    0x0000000000001575      0x8ef obj.version1/stm32f10x_usart.o
 .debug_line    0x0000000000001e64      0x2b8 obj.version1/main.o
 .debug_line    0x000000000000211c      0x243 obj.version1/debug.o
 .debug_line    0x000000000000235f      0x313 obj.version1/Hw_Config.o
 .debug_line    0x0000000000002672      0x184 obj.version1/lib_dbg.o
 .debug_line    0x00000000000027f6      0x597 obj.version1/stm32f10x_it.o
 .debug_line    0x0000000000002d8d      0x275 obj.version1/syscalls.o
 .debug_line    0x0000000000003002      0x226 obj.version1/menu.o
 .debug_line    0x0000000000003228      0x29e obj.version1/at_menu.o
 .debug_line    0x00000000000034c6      0x43d obj.version1/ESP8266.o

.debug_str      0x0000000000000000     0x2b38
 .debug_str     0x0000000000000000      0x27b obj.version1/system_stm32f10x.o
                                        0x2d9 (size before relaxing)
 .debug_str     0x000000000000027b      0x270 obj.version1/misc.o
                                        0x463 (size before relaxing)
 .debug_str     0x00000000000004eb      0x1d1 obj.version1/stm32f10x_exti.o
                                        0x41a (size before relaxing)
 .debug_str     0x00000000000006bc      0x389 obj.version1/stm32f10x_gpio.o
                                        0x5cb (size before relaxing)
 .debug_str     0x0000000000000a45      0x3d8 obj.version1/stm32f10x_rcc.o
                                        0x6c5 (size before relaxing)
 .debug_str     0x0000000000000e1d      0x40b obj.version1/stm32f10x_usart.o
                                        0x74e (size before relaxing)
 .debug_str     0x0000000000001228      0x741 obj.version1/main.o
                                        0xab0 (size before relaxing)
 .debug_str     0x0000000000001969       0x93 obj.version1/debug.o
                                        0x67c (size before relaxing)
 .debug_str     0x00000000000019fc      0x117 obj.version1/Hw_Config.o
                                        0x9ab (size before relaxing)
 .debug_str     0x0000000000001b13      0x937 obj.version1/lib_dbg.o
                                        0xd04 (size before relaxing)
 .debug_str     0x000000000000244a      0x40a obj.version1/stm32f10x_it.o
                                        0xb03 (size before relaxing)
 .debug_str     0x0000000000002854       0x5a obj.version1/syscalls.o
                                        0x6b2 (size before relaxing)
 .debug_str     0x00000000000028ae       0x2e obj.version1/menu.o
                                        0x67f (size before relaxing)
 .debug_str     0x00000000000028dc       0xb7 obj.version1/at_menu.o
                                        0x729 (size before relaxing)
 .debug_str     0x0000000000002993      0x1a5 obj.version1/ESP8266.o
                                        0xe59 (size before relaxing)

.comment        0x0000000000000000       0x7f
 .comment       0x0000000000000000       0x7f obj.version1/system_stm32f10x.o
                                         0x80 (size before relaxing)
 .comment       0x000000000000007f       0x80 obj.version1/misc.o
 .comment       0x000000000000007f       0x80 obj.version1/stm32f10x_exti.o
 .comment       0x000000000000007f       0x80 obj.version1/stm32f10x_gpio.o
 .comment       0x000000000000007f       0x80 obj.version1/stm32f10x_rcc.o
 .comment       0x000000000000007f       0x80 obj.version1/stm32f10x_usart.o
 .comment       0x000000000000007f       0x80 obj.version1/main.o
 .comment       0x000000000000007f       0x80 obj.version1/debug.o
 .comment       0x000000000000007f       0x80 obj.version1/Hw_Config.o
 .comment       0x000000000000007f       0x80 obj.version1/lib_dbg.o
 .comment       0x000000000000007f       0x80 obj.version1/stm32f10x_it.o
 .comment       0x000000000000007f       0x80 obj.version1/syscalls.o
 .comment       0x000000000000007f       0x80 obj.version1/menu.o
 .comment       0x000000000000007f       0x80 obj.version1/at_menu.o
 .comment       0x000000000000007f       0x80 obj.version1/ESP8266.o

.debug_frame    0x0000000000000000     0x2558
 .debug_frame   0x0000000000000000       0x5c obj.version1/system_stm32f10x.o
 .debug_frame   0x000000000000005c       0x90 obj.version1/misc.o
 .debug_frame   0x00000000000000ec       0xc0 obj.version1/stm32f10x_exti.o
 .debug_frame   0x00000000000001ac      0x1e8 obj.version1/stm32f10x_gpio.o